Archive member included to satisfy reference by file (symbol)

C:/Users/lenovo/AppData/Local/Microsoft/WinGet/Packages/ZakKemble.avr-gcc_Microsoft.Winget.Source_8wekyb3d8bbwe/avr-gcc-16.1.0-x64-windows/bin/../lib/gcc/avr/16.1.0/avr5\libgcc.a(_umulhisi3.o)
                              build/HAL/GAUGES/gauges.o (__umulhisi3)
C:/Users/lenovo/AppData/Local/Microsoft/WinGet/Packages/ZakKemble.avr-gcc_Microsoft.Winget.Source_8wekyb3d8bbwe/avr-gcc-16.1.0-x64-windows/bin/../lib/gcc/avr/16.1.0/avr5\libgcc.a(_udivmodhi4.o)
                              build/HAL/lcd_i2c/lcd_i2c.o (__udivmodhi4)
C:/Users/lenovo/AppData/Local/Microsoft/WinGet/Packages/ZakKemble.avr-gcc_Microsoft.Winget.Source_8wekyb3d8bbwe/avr-gcc-16.1.0-x64-windows/bin/../lib/gcc/avr/16.1.0/avr5\libgcc.a(_udivmodsi4.o)
                              build/HAL/GAUGES/gauges.o (__udivmodsi4)
C:/Users/lenovo/AppData/Local/Microsoft/WinGet/Packages/ZakKemble.avr-gcc_Microsoft.Winget.Source_8wekyb3d8bbwe/avr-gcc-16.1.0-x64-windows/bin/../lib/gcc/avr/16.1.0/avr5\libgcc.a(_tablejump2.o)
                              build/APP/cluster/cluster.o (__tablejump2__)
C:/Users/lenovo/AppData/Local/Microsoft/WinGet/Packages/ZakKemble.avr-gcc_Microsoft.Winget.Source_8wekyb3d8bbwe/avr-gcc-16.1.0-x64-windows/bin/../lib/gcc/avr/16.1.0/avr5\libgcc.a(_copy_data.o)
                              build/main.o (__do_copy_data)
C:/Users/lenovo/AppData/Local/Microsoft/WinGet/Packages/ZakKemble.avr-gcc_Microsoft.Winget.Source_8wekyb3d8bbwe/avr-gcc-16.1.0-x64-windows/bin/../lib/gcc/avr/16.1.0/avr5\libgcc.a(_clear_bss.o)
                              build/APP/cluster/cluster.o (__do_clear_bss)
C:/Users/lenovo/AppData/Local/Microsoft/WinGet/Packages/ZakKemble.avr-gcc_Microsoft.Winget.Source_8wekyb3d8bbwe/avr-gcc-16.1.0-x64-windows/bin/../lib/gcc/avr/16.1.0/avr5\libgcc.a(_muluhisi3.o)
                              build/MCAL/TIMER/TIMER.o (__muluhisi3)
C:/Users/lenovo/AppData/Local/Microsoft/WinGet/Packages/ZakKemble.avr-gcc_Microsoft.Winget.Source_8wekyb3d8bbwe/avr-gcc-16.1.0-x64-windows/bin/../lib/gcc/avr/16.1.0/../../../../avr/lib/avr5\libc.a(snprintf.o)
                              build/APP/console.o (snprintf)
C:/Users/lenovo/AppData/Local/Microsoft/WinGet/Packages/ZakKemble.avr-gcc_Microsoft.Winget.Source_8wekyb3d8bbwe/avr-gcc-16.1.0-x64-windows/bin/../lib/gcc/avr/16.1.0/../../../../avr/lib/avr5\libc.a(sprintf.o)
                              build/main.o (sprintf)
C:/Users/lenovo/AppData/Local/Microsoft/WinGet/Packages/ZakKemble.avr-gcc_Microsoft.Winget.Source_8wekyb3d8bbwe/avr-gcc-16.1.0-x64-windows/bin/../lib/gcc/avr/16.1.0/../../../../avr/lib/avr5\libc.a(vfprintf_std.o)
                              C:/Users/lenovo/AppData/Local/Microsoft/WinGet/Packages/ZakKemble.avr-gcc_Microsoft.Winget.Source_8wekyb3d8bbwe/avr-gcc-16.1.0-x64-windows/bin/../lib/gcc/avr/16.1.0/../../../../avr/lib/avr5\libc.a(snprintf.o) (vfprintf)
C:/Users/lenovo/AppData/Local/Microsoft/WinGet/Packages/ZakKemble.avr-gcc_Microsoft.Winget.Source_8wekyb3d8bbwe/avr-gcc-16.1.0-x64-windows/bin/../lib/gcc/avr/16.1.0/../../../../avr/lib/avr5\libc.a(strnlen_P.o)
                              C:/Users/lenovo/AppData/Local/Microsoft/WinGet/Packages/ZakKemble.avr-gcc_Microsoft.Winget.Source_8wekyb3d8bbwe/avr-gcc-16.1.0-x64-windows/bin/../lib/gcc/avr/16.1.0/../../../../avr/lib/avr5\libc.a(vfprintf_std.o) (strnlen_P)
C:/Users/lenovo/AppData/Local/Microsoft/WinGet/Packages/ZakKemble.avr-gcc_Microsoft.Winget.Source_8wekyb3d8bbwe/avr-gcc-16.1.0-x64-windows/bin/../lib/gcc/avr/16.1.0/../../../../avr/lib/avr5\libc.a(strnlen.o)
                              C:/Users/lenovo/AppData/Local/Microsoft/WinGet/Packages/ZakKemble.avr-gcc_Microsoft.Winget.Source_8wekyb3d8bbwe/avr-gcc-16.1.0-x64-windows/bin/../lib/gcc/avr/16.1.0/../../../../avr/lib/avr5\libc.a(vfprintf_std.o) (strnlen)
C:/Users/lenovo/AppData/Local/Microsoft/WinGet/Packages/ZakKemble.avr-gcc_Microsoft.Winget.Source_8wekyb3d8bbwe/avr-gcc-16.1.0-x64-windows/bin/../lib/gcc/avr/16.1.0/../../../../avr/lib/avr5\libc.a(fputc.o)
                              C:/Users/lenovo/AppData/Local/Microsoft/WinGet/Packages/ZakKemble.avr-gcc_Microsoft.Winget.Source_8wekyb3d8bbwe/avr-gcc-16.1.0-x64-windows/bin/../lib/gcc/avr/16.1.0/../../../../avr/lib/avr5\libc.a(vfprintf_std.o) (fputc)
C:/Users/lenovo/AppData/Local/Microsoft/WinGet/Packages/ZakKemble.avr-gcc_Microsoft.Winget.Source_8wekyb3d8bbwe/avr-gcc-16.1.0-x64-windows/bin/../lib/gcc/avr/16.1.0/../../../../avr/lib/avr5\libc.a(ultoa_invert.o)
                              C:/Users/lenovo/AppData/Local/Microsoft/WinGet/Packages/ZakKemble.avr-gcc_Microsoft.Winget.Source_8wekyb3d8bbwe/avr-gcc-16.1.0-x64-windows/bin/../lib/gcc/avr/16.1.0/../../../../avr/lib/avr5\libc.a(vfprintf_std.o) (__ultoa_invert)
C:/Users/lenovo/AppData/Local/Microsoft/WinGet/Packages/ZakKemble.avr-gcc_Microsoft.Winget.Source_8wekyb3d8bbwe/avr-gcc-16.1.0-x64-windows/bin/../lib/gcc/avr/16.1.0/../../../../avr/lib/avr5\libatmega32.a(init_sp.o)
                              C:/Users/lenovo/AppData/Local/Microsoft/WinGet/Packages/ZakKemble.avr-gcc_Microsoft.Winget.Source_8wekyb3d8bbwe/avr-gcc-16.1.0-x64-windows/bin/../lib/gcc/avr/16.1.0/../../../../avr/lib/avr5/crtatmega32.o (__init_sp)
C:/Users/lenovo/AppData/Local/Microsoft/WinGet/Packages/ZakKemble.avr-gcc_Microsoft.Winget.Source_8wekyb3d8bbwe/avr-gcc-16.1.0-x64-windows/bin/../lib/gcc/avr/16.1.0/../../../../avr/lib/avr5\libatmega32.a(call_main.o)
                              C:/Users/lenovo/AppData/Local/Microsoft/WinGet/Packages/ZakKemble.avr-gcc_Microsoft.Winget.Source_8wekyb3d8bbwe/avr-gcc-16.1.0-x64-windows/bin/../lib/gcc/avr/16.1.0/../../../../avr/lib/avr5/crtatmega32.o (__call_main)
C:/Users/lenovo/AppData/Local/Microsoft/WinGet/Packages/ZakKemble.avr-gcc_Microsoft.Winget.Source_8wekyb3d8bbwe/avr-gcc-16.1.0-x64-windows/bin/../lib/gcc/avr/16.1.0/avr5\libgcc.a(_exit.o)
                              C:/Users/lenovo/AppData/Local/Microsoft/WinGet/Packages/ZakKemble.avr-gcc_Microsoft.Winget.Source_8wekyb3d8bbwe/avr-gcc-16.1.0-x64-windows/bin/../lib/gcc/avr/16.1.0/../../../../avr/lib/avr5\libatmega32.a(call_main.o) (exit)
C:/Users/lenovo/AppData/Local/Microsoft/WinGet/Packages/ZakKemble.avr-gcc_Microsoft.Winget.Source_8wekyb3d8bbwe/avr-gcc-16.1.0-x64-windows/bin/../lib/gcc/avr/16.1.0/avr5\libgcc.a(_prologue.o)
                              C:/Users/lenovo/AppData/Local/Microsoft/WinGet/Packages/ZakKemble.avr-gcc_Microsoft.Winget.Source_8wekyb3d8bbwe/avr-gcc-16.1.0-x64-windows/bin/../lib/gcc/avr/16.1.0/../../../../avr/lib/avr5\libc.a(snprintf.o) (__prologue_saves__)
C:/Users/lenovo/AppData/Local/Microsoft/WinGet/Packages/ZakKemble.avr-gcc_Microsoft.Winget.Source_8wekyb3d8bbwe/avr-gcc-16.1.0-x64-windows/bin/../lib/gcc/avr/16.1.0/avr5\libgcc.a(_epilogue.o)
                              C:/Users/lenovo/AppData/Local/Microsoft/WinGet/Packages/ZakKemble.avr-gcc_Microsoft.Winget.Source_8wekyb3d8bbwe/avr-gcc-16.1.0-x64-windows/bin/../lib/gcc/avr/16.1.0/../../../../avr/lib/avr5\libc.a(snprintf.o) (__epilogue_restores__)

Merging object attributes


Discarded input sections

 .data          0x00000000        0x0 C:/Users/lenovo/AppData/Local/Microsoft/WinGet/Packages/ZakKemble.avr-gcc_Microsoft.Winget.Source_8wekyb3d8bbwe/avr-gcc-16.1.0-x64-windows/bin/../lib/gcc/avr/16.1.0/../../../../avr/lib/avr5/crtatmega32.o
 .bss           0x00000000        0x0 C:/Users/lenovo/AppData/Local/Microsoft/WinGet/Packages/ZakKemble.avr-gcc_Microsoft.Winget.Source_8wekyb3d8bbwe/avr-gcc-16.1.0-x64-windows/bin/../lib/gcc/avr/16.1.0/../../../../avr/lib/avr5/crtatmega32.o
 .text          0x00000000        0x0 build/main.o
 .data          0x00000000        0x0 build/main.o
 .bss           0x00000000        0x0 build/main.o
 .text          0x00000000        0x0 build/APP/console.o
 .data          0x00000000        0x0 build/APP/console.o
 .bss           0x00000000        0x0 build/APP/console.o
 .text.Console_Init
                0x00000000        0xc build/APP/console.o
 .rodata.Console_SendTelemetry.str1.1
                0x00000000       0x43 build/APP/console.o
 .text.Console_SendTelemetry
                0x00000000       0xac build/APP/console.o
 .rodata.Console_ProcessCommand.str1.1
                0x00000000       0x4d build/APP/console.o
 .text.Console_ProcessCommand
                0x00000000       0x66 build/APP/console.o
 .comment       0x00000000       0x13 build/APP/console.o
 .text          0x00000000        0x0 build/APP/cluster/cluster.o
 .data          0x00000000        0x0 build/APP/cluster/cluster.o
 .bss           0x00000000        0x0 build/APP/cluster/cluster.o
 .text.Cluster_GetCarData
                0x00000000        0x6 build/APP/cluster/cluster.o
 .text.Cluster_SetPage
                0x00000000        0x6 build/APP/cluster/cluster.o
 .text.FSM_Init
                0x00000000       0x1c build/APP/cluster/cluster.o
 .text.FSM_Run  0x00000000      0x184 build/APP/cluster/cluster.o
 .jumptables.gcc.FSM_Run
                0x00000000       0x10 build/APP/cluster/cluster.o
 .bss.Cluster_Data
                0x00000000       0x20 build/APP/cluster/cluster.o
 .bss.RPM_Timer
                0x00000000        0x2 build/APP/cluster/cluster.o
 .bss.State_Timer
                0x00000000        0x2 build/APP/cluster/cluster.o
 .comment       0x00000000       0x13 build/APP/cluster/cluster.o
 .text          0x00000000        0x0 build/APP/odometer/odometer.o
 .data          0x00000000        0x0 build/APP/odometer/odometer.o
 .bss           0x00000000        0x0 build/APP/odometer/odometer.o
 .text.ODO_AddDistance
                0x00000000       0xc2 build/APP/odometer/odometer.o
 .text.ODO_GetTotal
                0x00000000       0x26 build/APP/odometer/odometer.o
 .text.ODO_GetTrip
                0x00000000       0x26 build/APP/odometer/odometer.o
 .text.ODO_ResetTrip
                0x00000000       0x20 build/APP/odometer/odometer.o
 .bss.Accumulator_mm
                0x00000000        0x2 build/APP/odometer/odometer.o
 .bss.Odo_TripMetres
                0x00000000        0x4 build/APP/odometer/odometer.o
 .bss.Odo_LifetimeMetres
                0x00000000        0x4 build/APP/odometer/odometer.o
 .comment       0x00000000       0x13 build/APP/odometer/odometer.o
 .text          0x00000000        0x0 build/APP/warnings/warnings.o
 .data          0x00000000        0x0 build/APP/warnings/warnings.o
 .bss           0x00000000        0x0 build/APP/warnings/warnings.o
 .text.WRN_Update
                0x00000000      0x138 build/APP/warnings/warnings.o
 .text.WRN_Highest
                0x00000000       0x66 build/APP/warnings/warnings.o
 .bss.fuel_warn_active.0
                0x00000000        0x1 build/APP/warnings/warnings.o
 .bss.batt_high_warn.1
                0x00000000        0x1 build/APP/warnings/warnings.o
 .bss.batt_high_counter.2
                0x00000000        0x2 build/APP/warnings/warnings.o
 .bss.batt_low_warn.3
                0x00000000        0x1 build/APP/warnings/warnings.o
 .bss.batt_low_counter.4
                0x00000000        0x2 build/APP/warnings/warnings.o
 .bss.coolant_counter.5
                0x00000000        0x2 build/APP/warnings/warnings.o
 .bss.oil_counter.6
                0x00000000        0x2 build/APP/warnings/warnings.o
 .bss.Latched_Coolant
                0x00000000        0x1 build/APP/warnings/warnings.o
 .bss.Latched_Oil
                0x00000000        0x1 build/APP/warnings/warnings.o
 .comment       0x00000000       0x13 build/APP/warnings/warnings.o
 .text          0x00000000        0x0 build/HAL/bodysw/bodysw.o
 .data          0x00000000        0x0 build/HAL/bodysw/bodysw.o
 .bss           0x00000000        0x0 build/HAL/bodysw/bodysw.o
 .text.BSW_Init
                0x00000000       0x28 build/HAL/bodysw/bodysw.o
 .text.BSW_Read
                0x00000000       0x70 build/HAL/bodysw/bodysw.o
 .comment       0x00000000       0x13 build/HAL/bodysw/bodysw.o
 .text          0x00000000        0x0 build/HAL/CHIME/chime.o
 .data          0x00000000        0x0 build/HAL/CHIME/chime.o
 .bss           0x00000000        0x0 build/HAL/CHIME/chime.o
 .text.Tone_On  0x00000000       0x10 build/HAL/CHIME/chime.o
 .text.Tone_Off
                0x00000000        0xa build/HAL/CHIME/chime.o
 .text.CHM_Init
                0x00000000        0xe build/HAL/CHIME/chime.o
 .text.CHM_Play
                0x00000000       0x2c build/HAL/CHIME/chime.o
 .text.CHM_Update
                0x00000000       0x88 build/HAL/CHIME/chime.o
 .bss.Is_Playing
                0x00000000        0x1 build/HAL/CHIME/chime.o
 .bss.Timer_Ticks
                0x00000000        0x2 build/HAL/CHIME/chime.o
 .bss.Current_Pattern
                0x00000000        0x2 build/HAL/CHIME/chime.o
 .comment       0x00000000       0x13 build/HAL/CHIME/chime.o
 .text          0x00000000        0x0 build/HAL/GAUGES/gauges.o
 .data          0x00000000        0x0 build/HAL/GAUGES/gauges.o
 .bss           0x00000000        0x0 build/HAL/GAUGES/gauges.o
 .text.Check_Plausibility
                0x00000000       0x26 build/HAL/GAUGES/gauges.o
 .text.GAU_Update
                0x00000000      0x21c build/HAL/GAUGES/gauges.o
 .bss.ErrCount_Oil
                0x00000000        0x1 build/HAL/GAUGES/gauges.o
 .bss.ErrCount_Batt
                0x00000000        0x1 build/HAL/GAUGES/gauges.o
 .bss.ErrCount_Coolant
                0x00000000        0x1 build/HAL/GAUGES/gauges.o
 .bss.ErrCount_Fuel
                0x00000000        0x1 build/HAL/GAUGES/gauges.o
 .bss.Filter_Idx
                0x00000000        0x1 build/HAL/GAUGES/gauges.o
 .bss.Coolant_Buffer
                0x00000000       0x10 build/HAL/GAUGES/gauges.o
 .bss.Fuel_Buffer
                0x00000000       0x10 build/HAL/GAUGES/gauges.o
 .text          0x00000000        0x0 build/HAL/KeyPad/KeyPad.o
 .data          0x00000000        0x0 build/HAL/KeyPad/KeyPad.o
 .bss           0x00000000        0x0 build/HAL/KeyPad/KeyPad.o
 .text.KeyPad_Init
                0x00000000       0x74 build/HAL/KeyPad/KeyPad.o
 .text.KeyPad_GetPressedKey
                0x00000000       0x8a build/HAL/KeyPad/KeyPad.o
 .comment       0x00000000       0x13 build/HAL/KeyPad/KeyPad.o
 .text          0x00000000        0x0 build/HAL/lamps595/lamps595.o
 .data          0x00000000        0x0 build/HAL/lamps595/lamps595.o
 .bss           0x00000000        0x0 build/HAL/lamps595/lamps595.o
 .text.LMP_Set  0x00000000       0x3c build/HAL/lamps595/lamps595.o
 .text.LMP_Refresh
                0x00000000       0x5e build/HAL/lamps595/lamps595.o
 .text.LMP_Init
                0x00000000       0x32 build/HAL/lamps595/lamps595.o
 .text.LMP_BulbCheckStart
                0x00000000       0x18 build/HAL/lamps595/lamps595.o
 .text.LMP_BulbCheckUpdate
                0x00000000       0x24 build/HAL/lamps595/lamps595.o
 .bss.Local_u8BulbCheckActive
                0x00000000        0x1 build/HAL/lamps595/lamps595.o
 .bss.Local_u8SavedLampByte
                0x00000000        0x1 build/HAL/lamps595/lamps595.o
 .bss.Local_u8LampByte
                0x00000000        0x1 build/HAL/lamps595/lamps595.o
 .comment       0x00000000       0x13 build/HAL/lamps595/lamps595.o
 .text          0x00000000        0x0 build/HAL/lcd_i2c/lcd_i2c.o
 .data          0x00000000        0x0 build/HAL/lcd_i2c/lcd_i2c.o
 .bss           0x00000000        0x0 build/HAL/lcd_i2c/lcd_i2c.o
 .text.LCD_Clear
                0x00000000       0x18 build/HAL/lcd_i2c/lcd_i2c.o
 .text.LCD_WriteChar
                0x00000000        0x4 build/HAL/lcd_i2c/lcd_i2c.o
 .text.LCD_SetBacklight
                0x00000000       0x14 build/HAL/lcd_i2c/lcd_i2c.o
 .text.LCD_WriteNumber
                0x00000000       0xb6 build/HAL/lcd_i2c/lcd_i2c.o
 .text.DSP_Next
                0x00000000       0x1a build/HAL/lcd_i2c/lcd_i2c.o
 .text.DSP_Render
                0x00000000       0x62 build/HAL/lcd_i2c/lcd_i2c.o
 .text          0x00000000        0x0 build/HAL/SevenSegment/SevenSegment.o
 .data          0x00000000        0x0 build/HAL/SevenSegment/SevenSegment.o
 .bss           0x00000000        0x0 build/HAL/SevenSegment/SevenSegment.o
 .text.SevenSegment_init
                0x00000000       0x10 build/HAL/SevenSegment/SevenSegment.o
 .text.SevenSegment_display
                0x00000000       0x1c build/HAL/SevenSegment/SevenSegment.o
 .rodata.SevenSegment_u8Digits
                0x00000000        0xa build/HAL/SevenSegment/SevenSegment.o
 .comment       0x00000000       0x13 build/HAL/SevenSegment/SevenSegment.o
 .text          0x00000000        0x0 build/HAL/SPEEDO/speedo.o
 .data          0x00000000        0x0 build/HAL/SPEEDO/speedo.o
 .bss           0x00000000        0x0 build/HAL/SPEEDO/speedo.o
 .text          0x00000000        0x0 build/HAL/TACHO/tacho.o
 .data          0x00000000        0x0 build/HAL/TACHO/tacho.o
 .bss           0x00000000        0x0 build/HAL/TACHO/tacho.o
 .text          0x00000000        0x0 build/MCAL/ADC/ADC.o
 .data          0x00000000        0x0 build/MCAL/ADC/ADC.o
 .bss           0x00000000        0x0 build/MCAL/ADC/ADC.o
 .text.ADC_ReadChannel
                0x00000000       0x30 build/MCAL/ADC/ADC.o
 .text.ADC_StartConversion
                0x00000000       0x1a build/MCAL/ADC/ADC.o
 .text.ADC_GetResult
                0x00000000       0x20 build/MCAL/ADC/ADC.o
 .text.ADC_SetInterrupt
                0x00000000        0x6 build/MCAL/ADC/ADC.o
 .text          0x00000000        0x0 build/MCAL/GPIO/GPIO.o
 .data          0x00000000        0x0 build/MCAL/GPIO/GPIO.o
 .bss           0x00000000        0x0 build/MCAL/GPIO/GPIO.o
 .text.GPIO_GetPinValue
                0x00000000       0x50 build/MCAL/GPIO/GPIO.o
 .text.GPIO_TogglePinValue
                0x00000000       0x4c build/MCAL/GPIO/GPIO.o
 .text.GPIO_SetPortDirection
                0x00000000       0x2a build/MCAL/GPIO/GPIO.o
 .text.GPIO_SetPortValue
                0x00000000       0x2a build/MCAL/GPIO/GPIO.o
 .text.GPIO_GetPortValue
                0x00000000       0x32 build/MCAL/GPIO/GPIO.o
 .text          0x00000000        0x0 build/MCAL/I2C/I2C.o
 .data          0x00000000        0x0 build/MCAL/I2C/I2C.o
 .bss           0x00000000        0x0 build/MCAL/I2C/I2C.o
 .text.I2C_SendRepeatedStart
                0x00000000       0x1c build/MCAL/I2C/I2C.o
 .text.I2C_SendSlaveAddressWithRead
                0x00000000       0x22 build/MCAL/I2C/I2C.o
 .text.I2C_ReceiveByte
                0x00000000       0x38 build/MCAL/I2C/I2C.o
 .text          0x00000000        0x0 build/MCAL/INTERRUPT/INTERRUPT.o
 .data          0x00000000        0x0 build/MCAL/INTERRUPT/INTERRUPT.o
 .bss           0x00000000        0x0 build/MCAL/INTERRUPT/INTERRUPT.o
 .text.INTERRUPT_EnableGlobal
                0x00000000        0x8 build/MCAL/INTERRUPT/INTERRUPT.o
 .text.INTERRUPT_DisableGlobal
                0x00000000        0x8 build/MCAL/INTERRUPT/INTERRUPT.o
 .text.EXTI_SetSense
                0x00000000       0x48 build/MCAL/INTERRUPT/INTERRUPT.o
 .text.EXTI_ClearFlag
                0x00000000       0x22 build/MCAL/INTERRUPT/INTERRUPT.o
 .text.EXTI_Enable
                0x00000000       0x28 build/MCAL/INTERRUPT/INTERRUPT.o
 .text.EXTI_Disable
                0x00000000       0x28 build/MCAL/INTERRUPT/INTERRUPT.o
 .text.EXTI_SetCallback
                0x00000000       0x18 build/MCAL/INTERRUPT/INTERRUPT.o
 .comment       0x00000000       0x13 build/MCAL/INTERRUPT/INTERRUPT.o
 .text          0x00000000        0x0 build/MCAL/SPI/SPI.o
 .data          0x00000000        0x0 build/MCAL/SPI/SPI.o
 .bss           0x00000000        0x0 build/MCAL/SPI/SPI.o
 .text.SPI_InitMaster
                0x00000000       0x62 build/MCAL/SPI/SPI.o
 .text.SPI_InitSlave
                0x00000000       0x4a build/MCAL/SPI/SPI.o
 .text.SPI_Transceive
                0x00000000       0x1e build/MCAL/SPI/SPI.o
 .text.SPI_TransmitByte
                0x00000000       0x22 build/MCAL/SPI/SPI.o
 .text.SPI_Acquire
                0x00000000       0x1c build/MCAL/SPI/SPI.o
 .text.SPI_Release
                0x00000000        0x8 build/MCAL/SPI/SPI.o
 .data.Local_u8BusOwner
                0x00000000        0x1 build/MCAL/SPI/SPI.o
 .comment       0x00000000       0x13 build/MCAL/SPI/SPI.o
 .text          0x00000000        0x0 build/MCAL/TIMER/TIMER.o
 .data          0x00000000        0x0 build/MCAL/TIMER/TIMER.o
 .bss           0x00000000        0x0 build/MCAL/TIMER/TIMER.o
 .text.TIMER0_Init
                0x00000000       0x1e build/MCAL/TIMER/TIMER.o
 .text.TIMER0_DelayS
                0x00000000       0x20 build/MCAL/TIMER/TIMER.o
 .text.TIMER0_PWM
                0x00000000       0x52 build/MCAL/TIMER/TIMER.o
 .text.TIMER0_Stop
                0x00000000       0x12 build/MCAL/TIMER/TIMER.o
 .text.TIMER1_Init
                0x00000000       0x2a build/MCAL/TIMER/TIMER.o
 .text.TIMER1_DelayMS
                0x00000000       0x2e build/MCAL/TIMER/TIMER.o
 .text.TIMER1_PWM
                0x00000000       0xa6 build/MCAL/TIMER/TIMER.o
 .text.TIMER1_Stop
                0x00000000       0x12 build/MCAL/TIMER/TIMER.o
 .text          0x00000000        0x0 build/MCAL/UART/UART.o
 .data          0x00000000        0x0 build/MCAL/UART/UART.o
 .bss           0x00000000        0x0 build/MCAL/UART/UART.o
 .text.UART_Init
                0x00000000       0x50 build/MCAL/UART/UART.o
 .text.UART_SendByte
                0x00000000        0xc build/MCAL/UART/UART.o
 .text.UART_ReceiveByte
                0x00000000       0x1a build/MCAL/UART/UART.o
 .text.UART_SendString
                0x00000000       0x26 build/MCAL/UART/UART.o
 .text.UART_IsDataReady
                0x00000000       0x12 build/MCAL/UART/UART.o
 .text.UART_SetRxInterrupt
                0x00000000       0x1c build/MCAL/UART/UART.o
 .text.UART_SetTxInterrupt
                0x00000000       0x1c build/MCAL/UART/UART.o
 .comment       0x00000000       0x13 build/MCAL/UART/UART.o
 .text          0x00000000        0x0 C:/Users/lenovo/AppData/Local/Microsoft/WinGet/Packages/ZakKemble.avr-gcc_Microsoft.Winget.Source_8wekyb3d8bbwe/avr-gcc-16.1.0-x64-windows/bin/../lib/gcc/avr/16.1.0/avr5\libgcc.a(_umulhisi3.o)
 .data          0x00000000        0x0 C:/Users/lenovo/AppData/Local/Microsoft/WinGet/Packages/ZakKemble.avr-gcc_Microsoft.Winget.Source_8wekyb3d8bbwe/avr-gcc-16.1.0-x64-windows/bin/../lib/gcc/avr/16.1.0/avr5\libgcc.a(_umulhisi3.o)
 .bss           0x00000000        0x0 C:/Users/lenovo/AppData/Local/Microsoft/WinGet/Packages/ZakKemble.avr-gcc_Microsoft.Winget.Source_8wekyb3d8bbwe/avr-gcc-16.1.0-x64-windows/bin/../lib/gcc/avr/16.1.0/avr5\libgcc.a(_umulhisi3.o)
 .text.libgcc.mul
                0x00000000       0x1e C:/Users/lenovo/AppData/Local/Microsoft/WinGet/Packages/ZakKemble.avr-gcc_Microsoft.Winget.Source_8wekyb3d8bbwe/avr-gcc-16.1.0-x64-windows/bin/../lib/gcc/avr/16.1.0/avr5\libgcc.a(_umulhisi3.o)
 .text.libgcc.div
                0x00000000        0x0 C:/Users/lenovo/AppData/Local/Microsoft/WinGet/Packages/ZakKemble.avr-gcc_Microsoft.Winget.Source_8wekyb3d8bbwe/avr-gcc-16.1.0-x64-windows/bin/../lib/gcc/avr/16.1.0/avr5\libgcc.a(_umulhisi3.o)
 .text.libgcc   0x00000000        0x0 C:/Users/lenovo/AppData/Local/Microsoft/WinGet/Packages/ZakKemble.avr-gcc_Microsoft.Winget.Source_8wekyb3d8bbwe/avr-gcc-16.1.0-x64-windows/bin/../lib/gcc/avr/16.1.0/avr5\libgcc.a(_umulhisi3.o)
 .text.libgcc.prologue
                0x00000000        0x0 C:/Users/lenovo/AppData/Local/Microsoft/WinGet/Packages/ZakKemble.avr-gcc_Microsoft.Winget.Source_8wekyb3d8bbwe/avr-gcc-16.1.0-x64-windows/bin/../lib/gcc/avr/16.1.0/avr5\libgcc.a(_umulhisi3.o)
 .text.libgcc.builtins
                0x00000000        0x0 C:/Users/lenovo/AppData/Local/Microsoft/WinGet/Packages/ZakKemble.avr-gcc_Microsoft.Winget.Source_8wekyb3d8bbwe/avr-gcc-16.1.0-x64-windows/bin/../lib/gcc/avr/16.1.0/avr5\libgcc.a(_umulhisi3.o)
 .text.libgcc.fmul
                0x00000000        0x0 C:/Users/lenovo/AppData/Local/Microsoft/WinGet/Packages/ZakKemble.avr-gcc_Microsoft.Winget.Source_8wekyb3d8bbwe/avr-gcc-16.1.0-x64-windows/bin/../lib/gcc/avr/16.1.0/avr5\libgcc.a(_umulhisi3.o)
 .text.libgcc.fixed
                0x00000000        0x0 C:/Users/lenovo/AppData/Local/Microsoft/WinGet/Packages/ZakKemble.avr-gcc_Microsoft.Winget.Source_8wekyb3d8bbwe/avr-gcc-16.1.0-x64-windows/bin/../lib/gcc/avr/16.1.0/avr5\libgcc.a(_umulhisi3.o)
 .debug_line    0x00000000       0x9f C:/Users/lenovo/AppData/Local/Microsoft/WinGet/Packages/ZakKemble.avr-gcc_Microsoft.Winget.Source_8wekyb3d8bbwe/avr-gcc-16.1.0-x64-windows/bin/../lib/gcc/avr/16.1.0/avr5\libgcc.a(_umulhisi3.o)
 .debug_line_str
                0x00000000       0x5c C:/Users/lenovo/AppData/Local/Microsoft/WinGet/Packages/ZakKemble.avr-gcc_Microsoft.Winget.Source_8wekyb3d8bbwe/avr-gcc-16.1.0-x64-windows/bin/../lib/gcc/avr/16.1.0/avr5\libgcc.a(_umulhisi3.o)
 .debug_info    0x00000000       0x24 C:/Users/lenovo/AppData/Local/Microsoft/WinGet/Packages/ZakKemble.avr-gcc_Microsoft.Winget.Source_8wekyb3d8bbwe/avr-gcc-16.1.0-x64-windows/bin/../lib/gcc/avr/16.1.0/avr5\libgcc.a(_umulhisi3.o)
 .debug_abbrev  0x00000000       0x14 C:/Users/lenovo/AppData/Local/Microsoft/WinGet/Packages/ZakKemble.avr-gcc_Microsoft.Winget.Source_8wekyb3d8bbwe/avr-gcc-16.1.0-x64-windows/bin/../lib/gcc/avr/16.1.0/avr5\libgcc.a(_umulhisi3.o)
 .debug_aranges
                0x00000000       0x20 C:/Users/lenovo/AppData/Local/Microsoft/WinGet/Packages/ZakKemble.avr-gcc_Microsoft.Winget.Source_8wekyb3d8bbwe/avr-gcc-16.1.0-x64-windows/bin/../lib/gcc/avr/16.1.0/avr5\libgcc.a(_umulhisi3.o)
 .debug_str     0x00000000       0x6a C:/Users/lenovo/AppData/Local/Microsoft/WinGet/Packages/ZakKemble.avr-gcc_Microsoft.Winget.Source_8wekyb3d8bbwe/avr-gcc-16.1.0-x64-windows/bin/../lib/gcc/avr/16.1.0/avr5\libgcc.a(_umulhisi3.o)
 .text          0x00000000        0x0 C:/Users/lenovo/AppData/Local/Microsoft/WinGet/Packages/ZakKemble.avr-gcc_Microsoft.Winget.Source_8wekyb3d8bbwe/avr-gcc-16.1.0-x64-windows/bin/../lib/gcc/avr/16.1.0/avr5\libgcc.a(_udivmodhi4.o)
 .data          0x00000000        0x0 C:/Users/lenovo/AppData/Local/Microsoft/WinGet/Packages/ZakKemble.avr-gcc_Microsoft.Winget.Source_8wekyb3d8bbwe/avr-gcc-16.1.0-x64-windows/bin/../lib/gcc/avr/16.1.0/avr5\libgcc.a(_udivmodhi4.o)
 .bss           0x00000000        0x0 C:/Users/lenovo/AppData/Local/Microsoft/WinGet/Packages/ZakKemble.avr-gcc_Microsoft.Winget.Source_8wekyb3d8bbwe/avr-gcc-16.1.0-x64-windows/bin/../lib/gcc/avr/16.1.0/avr5\libgcc.a(_udivmodhi4.o)
 .text.libgcc.mul
                0x00000000        0x0 C:/Users/lenovo/AppData/Local/Microsoft/WinGet/Packages/ZakKemble.avr-gcc_Microsoft.Winget.Source_8wekyb3d8bbwe/avr-gcc-16.1.0-x64-windows/bin/../lib/gcc/avr/16.1.0/avr5\libgcc.a(_udivmodhi4.o)
 .text.libgcc.div
                0x00000000       0x28 C:/Users/lenovo/AppData/Local/Microsoft/WinGet/Packages/ZakKemble.avr-gcc_Microsoft.Winget.Source_8wekyb3d8bbwe/avr-gcc-16.1.0-x64-windows/bin/../lib/gcc/avr/16.1.0/avr5\libgcc.a(_udivmodhi4.o)
 .text.libgcc   0x00000000        0x0 C:/Users/lenovo/AppData/Local/Microsoft/WinGet/Packages/ZakKemble.avr-gcc_Microsoft.Winget.Source_8wekyb3d8bbwe/avr-gcc-16.1.0-x64-windows/bin/../lib/gcc/avr/16.1.0/avr5\libgcc.a(_udivmodhi4.o)
 .text.libgcc.prologue
                0x00000000        0x0 C:/Users/lenovo/AppData/Local/Microsoft/WinGet/Packages/ZakKemble.avr-gcc_Microsoft.Winget.Source_8wekyb3d8bbwe/avr-gcc-16.1.0-x64-windows/bin/../lib/gcc/avr/16.1.0/avr5\libgcc.a(_udivmodhi4.o)
 .text.libgcc.builtins
                0x00000000        0x0 C:/Users/lenovo/AppData/Local/Microsoft/WinGet/Packages/ZakKemble.avr-gcc_Microsoft.Winget.Source_8wekyb3d8bbwe/avr-gcc-16.1.0-x64-windows/bin/../lib/gcc/avr/16.1.0/avr5\libgcc.a(_udivmodhi4.o)
 .text.libgcc.fmul
                0x00000000        0x0 C:/Users/lenovo/AppData/Local/Microsoft/WinGet/Packages/ZakKemble.avr-gcc_Microsoft.Winget.Source_8wekyb3d8bbwe/avr-gcc-16.1.0-x64-windows/bin/../lib/gcc/avr/16.1.0/avr5\libgcc.a(_udivmodhi4.o)
 .text.libgcc.fixed
                0x00000000        0x0 C:/Users/lenovo/AppData/Local/Microsoft/WinGet/Packages/ZakKemble.avr-gcc_Microsoft.Winget.Source_8wekyb3d8bbwe/avr-gcc-16.1.0-x64-windows/bin/../lib/gcc/avr/16.1.0/avr5\libgcc.a(_udivmodhi4.o)
 .debug_line    0x00000000       0xbd C:/Users/lenovo/AppData/Local/Microsoft/WinGet/Packages/ZakKemble.avr-gcc_Microsoft.Winget.Source_8wekyb3d8bbwe/avr-gcc-16.1.0-x64-windows/bin/../lib/gcc/avr/16.1.0/avr5\libgcc.a(_udivmodhi4.o)
 .debug_line_str
                0x00000000       0x5c C:/Users/lenovo/AppData/Local/Microsoft/WinGet/Packages/ZakKemble.avr-gcc_Microsoft.Winget.Source_8wekyb3d8bbwe/avr-gcc-16.1.0-x64-windows/bin/../lib/gcc/avr/16.1.0/avr5\libgcc.a(_udivmodhi4.o)
 .debug_info    0x00000000       0x24 C:/Users/lenovo/AppData/Local/Microsoft/WinGet/Packages/ZakKemble.avr-gcc_Microsoft.Winget.Source_8wekyb3d8bbwe/avr-gcc-16.1.0-x64-windows/bin/../lib/gcc/avr/16.1.0/avr5\libgcc.a(_udivmodhi4.o)
 .debug_abbrev  0x00000000       0x14 C:/Users/lenovo/AppData/Local/Microsoft/WinGet/Packages/ZakKemble.avr-gcc_Microsoft.Winget.Source_8wekyb3d8bbwe/avr-gcc-16.1.0-x64-windows/bin/../lib/gcc/avr/16.1.0/avr5\libgcc.a(_udivmodhi4.o)
 .debug_aranges
                0x00000000       0x20 C:/Users/lenovo/AppData/Local/Microsoft/WinGet/Packages/ZakKemble.avr-gcc_Microsoft.Winget.Source_8wekyb3d8bbwe/avr-gcc-16.1.0-x64-windows/bin/../lib/gcc/avr/16.1.0/avr5\libgcc.a(_udivmodhi4.o)
 .debug_str     0x00000000       0x6a C:/Users/lenovo/AppData/Local/Microsoft/WinGet/Packages/ZakKemble.avr-gcc_Microsoft.Winget.Source_8wekyb3d8bbwe/avr-gcc-16.1.0-x64-windows/bin/../lib/gcc/avr/16.1.0/avr5\libgcc.a(_udivmodhi4.o)
 .text          0x00000000        0x0 C:/Users/lenovo/AppData/Local/Microsoft/WinGet/Packages/ZakKemble.avr-gcc_Microsoft.Winget.Source_8wekyb3d8bbwe/avr-gcc-16.1.0-x64-windows/bin/../lib/gcc/avr/16.1.0/avr5\libgcc.a(_udivmodsi4.o)
 .data          0x00000000        0x0 C:/Users/lenovo/AppData/Local/Microsoft/WinGet/Packages/ZakKemble.avr-gcc_Microsoft.Winget.Source_8wekyb3d8bbwe/avr-gcc-16.1.0-x64-windows/bin/../lib/gcc/avr/16.1.0/avr5\libgcc.a(_udivmodsi4.o)
 .bss           0x00000000        0x0 C:/Users/lenovo/AppData/Local/Microsoft/WinGet/Packages/ZakKemble.avr-gcc_Microsoft.Winget.Source_8wekyb3d8bbwe/avr-gcc-16.1.0-x64-windows/bin/../lib/gcc/avr/16.1.0/avr5\libgcc.a(_udivmodsi4.o)
 .text.libgcc.mul
                0x00000000        0x0 C:/Users/lenovo/AppData/Local/Microsoft/WinGet/Packages/ZakKemble.avr-gcc_Microsoft.Winget.Source_8wekyb3d8bbwe/avr-gcc-16.1.0-x64-windows/bin/../lib/gcc/avr/16.1.0/avr5\libgcc.a(_udivmodsi4.o)
 .text.libgcc   0x00000000        0x0 C:/Users/lenovo/AppData/Local/Microsoft/WinGet/Packages/ZakKemble.avr-gcc_Microsoft.Winget.Source_8wekyb3d8bbwe/avr-gcc-16.1.0-x64-windows/bin/../lib/gcc/avr/16.1.0/avr5\libgcc.a(_udivmodsi4.o)
 .text.libgcc.prologue
                0x00000000        0x0 C:/Users/lenovo/AppData/Local/Microsoft/WinGet/Packages/ZakKemble.avr-gcc_Microsoft.Winget.Source_8wekyb3d8bbwe/avr-gcc-16.1.0-x64-windows/bin/../lib/gcc/avr/16.1.0/avr5\libgcc.a(_udivmodsi4.o)
 .text.libgcc.builtins
                0x00000000        0x0 C:/Users/lenovo/AppData/Local/Microsoft/WinGet/Packages/ZakKemble.avr-gcc_Microsoft.Winget.Source_8wekyb3d8bbwe/avr-gcc-16.1.0-x64-windows/bin/../lib/gcc/avr/16.1.0/avr5\libgcc.a(_udivmodsi4.o)
 .text.libgcc.fmul
                0x00000000        0x0 C:/Users/lenovo/AppData/Local/Microsoft/WinGet/Packages/ZakKemble.avr-gcc_Microsoft.Winget.Source_8wekyb3d8bbwe/avr-gcc-16.1.0-x64-windows/bin/../lib/gcc/avr/16.1.0/avr5\libgcc.a(_udivmodsi4.o)
 .text.libgcc.fixed
                0x00000000        0x0 C:/Users/lenovo/AppData/Local/Microsoft/WinGet/Packages/ZakKemble.avr-gcc_Microsoft.Winget.Source_8wekyb3d8bbwe/avr-gcc-16.1.0-x64-windows/bin/../lib/gcc/avr/16.1.0/avr5\libgcc.a(_udivmodsi4.o)
 .text          0x00000000        0x0 C:/Users/lenovo/AppData/Local/Microsoft/WinGet/Packages/ZakKemble.avr-gcc_Microsoft.Winget.Source_8wekyb3d8bbwe/avr-gcc-16.1.0-x64-windows/bin/../lib/gcc/avr/16.1.0/avr5\libgcc.a(_tablejump2.o)
 .data          0x00000000        0x0 C:/Users/lenovo/AppData/Local/Microsoft/WinGet/Packages/ZakKemble.avr-gcc_Microsoft.Winget.Source_8wekyb3d8bbwe/avr-gcc-16.1.0-x64-windows/bin/../lib/gcc/avr/16.1.0/avr5\libgcc.a(_tablejump2.o)
 .bss           0x00000000        0x0 C:/Users/lenovo/AppData/Local/Microsoft/WinGet/Packages/ZakKemble.avr-gcc_Microsoft.Winget.Source_8wekyb3d8bbwe/avr-gcc-16.1.0-x64-windows/bin/../lib/gcc/avr/16.1.0/avr5\libgcc.a(_tablejump2.o)
 .text.libgcc.mul
                0x00000000        0x0 C:/Users/lenovo/AppData/Local/Microsoft/WinGet/Packages/ZakKemble.avr-gcc_Microsoft.Winget.Source_8wekyb3d8bbwe/avr-gcc-16.1.0-x64-windows/bin/../lib/gcc/avr/16.1.0/avr5\libgcc.a(_tablejump2.o)
 .text.libgcc.div
                0x00000000        0x0 C:/Users/lenovo/AppData/Local/Microsoft/WinGet/Packages/ZakKemble.avr-gcc_Microsoft.Winget.Source_8wekyb3d8bbwe/avr-gcc-16.1.0-x64-windows/bin/../lib/gcc/avr/16.1.0/avr5\libgcc.a(_tablejump2.o)
 .text.libgcc   0x00000000        0xc C:/Users/lenovo/AppData/Local/Microsoft/WinGet/Packages/ZakKemble.avr-gcc_Microsoft.Winget.Source_8wekyb3d8bbwe/avr-gcc-16.1.0-x64-windows/bin/../lib/gcc/avr/16.1.0/avr5\libgcc.a(_tablejump2.o)
 .text.libgcc.prologue
                0x00000000        0x0 C:/Users/lenovo/AppData/Local/Microsoft/WinGet/Packages/ZakKemble.avr-gcc_Microsoft.Winget.Source_8wekyb3d8bbwe/avr-gcc-16.1.0-x64-windows/bin/../lib/gcc/avr/16.1.0/avr5\libgcc.a(_tablejump2.o)
 .text.libgcc.builtins
                0x00000000        0x0 C:/Users/lenovo/AppData/Local/Microsoft/WinGet/Packages/ZakKemble.avr-gcc_Microsoft.Winget.Source_8wekyb3d8bbwe/avr-gcc-16.1.0-x64-windows/bin/../lib/gcc/avr/16.1.0/avr5\libgcc.a(_tablejump2.o)
 .text.libgcc.fmul
                0x00000000        0x0 C:/Users/lenovo/AppData/Local/Microsoft/WinGet/Packages/ZakKemble.avr-gcc_Microsoft.Winget.Source_8wekyb3d8bbwe/avr-gcc-16.1.0-x64-windows/bin/../lib/gcc/avr/16.1.0/avr5\libgcc.a(_tablejump2.o)
 .text.libgcc.fixed
                0x00000000        0x0 C:/Users/lenovo/AppData/Local/Microsoft/WinGet/Packages/ZakKemble.avr-gcc_Microsoft.Winget.Source_8wekyb3d8bbwe/avr-gcc-16.1.0-x64-windows/bin/../lib/gcc/avr/16.1.0/avr5\libgcc.a(_tablejump2.o)
 .debug_line    0x00000000       0x69 C:/Users/lenovo/AppData/Local/Microsoft/WinGet/Packages/ZakKemble.avr-gcc_Microsoft.Winget.Source_8wekyb3d8bbwe/avr-gcc-16.1.0-x64-windows/bin/../lib/gcc/avr/16.1.0/avr5\libgcc.a(_tablejump2.o)
 .debug_line_str
                0x00000000       0x5c C:/Users/lenovo/AppData/Local/Microsoft/WinGet/Packages/ZakKemble.avr-gcc_Microsoft.Winget.Source_8wekyb3d8bbwe/avr-gcc-16.1.0-x64-windows/bin/../lib/gcc/avr/16.1.0/avr5\libgcc.a(_tablejump2.o)
 .debug_info    0x00000000       0x24 C:/Users/lenovo/AppData/Local/Microsoft/WinGet/Packages/ZakKemble.avr-gcc_Microsoft.Winget.Source_8wekyb3d8bbwe/avr-gcc-16.1.0-x64-windows/bin/../lib/gcc/avr/16.1.0/avr5\libgcc.a(_tablejump2.o)
 .debug_abbrev  0x00000000       0x14 C:/Users/lenovo/AppData/Local/Microsoft/WinGet/Packages/ZakKemble.avr-gcc_Microsoft.Winget.Source_8wekyb3d8bbwe/avr-gcc-16.1.0-x64-windows/bin/../lib/gcc/avr/16.1.0/avr5\libgcc.a(_tablejump2.o)
 .debug_aranges
                0x00000000       0x20 C:/Users/lenovo/AppData/Local/Microsoft/WinGet/Packages/ZakKemble.avr-gcc_Microsoft.Winget.Source_8wekyb3d8bbwe/avr-gcc-16.1.0-x64-windows/bin/../lib/gcc/avr/16.1.0/avr5\libgcc.a(_tablejump2.o)
 .debug_str     0x00000000       0x6a C:/Users/lenovo/AppData/Local/Microsoft/WinGet/Packages/ZakKemble.avr-gcc_Microsoft.Winget.Source_8wekyb3d8bbwe/avr-gcc-16.1.0-x64-windows/bin/../lib/gcc/avr/16.1.0/avr5\libgcc.a(_tablejump2.o)
 .text          0x00000000        0x0 C:/Users/lenovo/AppData/Local/Microsoft/WinGet/Packages/ZakKemble.avr-gcc_Microsoft.Winget.Source_8wekyb3d8bbwe/avr-gcc-16.1.0-x64-windows/bin/../lib/gcc/avr/16.1.0/avr5\libgcc.a(_copy_data.o)
 .data          0x00000000        0x0 C:/Users/lenovo/AppData/Local/Microsoft/WinGet/Packages/ZakKemble.avr-gcc_Microsoft.Winget.Source_8wekyb3d8bbwe/avr-gcc-16.1.0-x64-windows/bin/../lib/gcc/avr/16.1.0/avr5\libgcc.a(_copy_data.o)
 .bss           0x00000000        0x0 C:/Users/lenovo/AppData/Local/Microsoft/WinGet/Packages/ZakKemble.avr-gcc_Microsoft.Winget.Source_8wekyb3d8bbwe/avr-gcc-16.1.0-x64-windows/bin/../lib/gcc/avr/16.1.0/avr5\libgcc.a(_copy_data.o)
 .text.libgcc.mul
                0x00000000        0x0 C:/Users/lenovo/AppData/Local/Microsoft/WinGet/Packages/ZakKemble.avr-gcc_Microsoft.Winget.Source_8wekyb3d8bbwe/avr-gcc-16.1.0-x64-windows/bin/../lib/gcc/avr/16.1.0/avr5\libgcc.a(_copy_data.o)
 .text.libgcc.div
                0x00000000        0x0 C:/Users/lenovo/AppData/Local/Microsoft/WinGet/Packages/ZakKemble.avr-gcc_Microsoft.Winget.Source_8wekyb3d8bbwe/avr-gcc-16.1.0-x64-windows/bin/../lib/gcc/avr/16.1.0/avr5\libgcc.a(_copy_data.o)
 .text.libgcc   0x00000000        0x0 C:/Users/lenovo/AppData/Local/Microsoft/WinGet/Packages/ZakKemble.avr-gcc_Microsoft.Winget.Source_8wekyb3d8bbwe/avr-gcc-16.1.0-x64-windows/bin/../lib/gcc/avr/16.1.0/avr5\libgcc.a(_copy_data.o)
 .text.libgcc.prologue
                0x00000000        0x0 C:/Users/lenovo/AppData/Local/Microsoft/WinGet/Packages/ZakKemble.avr-gcc_Microsoft.Winget.Source_8wekyb3d8bbwe/avr-gcc-16.1.0-x64-windows/bin/../lib/gcc/avr/16.1.0/avr5\libgcc.a(_copy_data.o)
 .text.libgcc.builtins
                0x00000000        0x0 C:/Users/lenovo/AppData/Local/Microsoft/WinGet/Packages/ZakKemble.avr-gcc_Microsoft.Winget.Source_8wekyb3d8bbwe/avr-gcc-16.1.0-x64-windows/bin/../lib/gcc/avr/16.1.0/avr5\libgcc.a(_copy_data.o)
 .text.libgcc.fmul
                0x00000000        0x0 C:/Users/lenovo/AppData/Local/Microsoft/WinGet/Packages/ZakKemble.avr-gcc_Microsoft.Winget.Source_8wekyb3d8bbwe/avr-gcc-16.1.0-x64-windows/bin/../lib/gcc/avr/16.1.0/avr5\libgcc.a(_copy_data.o)
 .text.libgcc.fixed
                0x00000000        0x0 C:/Users/lenovo/AppData/Local/Microsoft/WinGet/Packages/ZakKemble.avr-gcc_Microsoft.Winget.Source_8wekyb3d8bbwe/avr-gcc-16.1.0-x64-windows/bin/../lib/gcc/avr/16.1.0/avr5\libgcc.a(_copy_data.o)
 .text          0x00000000        0x0 C:/Users/lenovo/AppData/Local/Microsoft/WinGet/Packages/ZakKemble.avr-gcc_Microsoft.Winget.Source_8wekyb3d8bbwe/avr-gcc-16.1.0-x64-windows/bin/../lib/gcc/avr/16.1.0/avr5\libgcc.a(_clear_bss.o)
 .data          0x00000000        0x0 C:/Users/lenovo/AppData/Local/Microsoft/WinGet/Packages/ZakKemble.avr-gcc_Microsoft.Winget.Source_8wekyb3d8bbwe/avr-gcc-16.1.0-x64-windows/bin/../lib/gcc/avr/16.1.0/avr5\libgcc.a(_clear_bss.o)
 .bss           0x00000000        0x0 C:/Users/lenovo/AppData/Local/Microsoft/WinGet/Packages/ZakKemble.avr-gcc_Microsoft.Winget.Source_8wekyb3d8bbwe/avr-gcc-16.1.0-x64-windows/bin/../lib/gcc/avr/16.1.0/avr5\libgcc.a(_clear_bss.o)
 .text.libgcc.mul
                0x00000000        0x0 C:/Users/lenovo/AppData/Local/Microsoft/WinGet/Packages/ZakKemble.avr-gcc_Microsoft.Winget.Source_8wekyb3d8bbwe/avr-gcc-16.1.0-x64-windows/bin/../lib/gcc/avr/16.1.0/avr5\libgcc.a(_clear_bss.o)
 .text.libgcc.div
                0x00000000        0x0 C:/Users/lenovo/AppData/Local/Microsoft/WinGet/Packages/ZakKemble.avr-gcc_Microsoft.Winget.Source_8wekyb3d8bbwe/avr-gcc-16.1.0-x64-windows/bin/../lib/gcc/avr/16.1.0/avr5\libgcc.a(_clear_bss.o)
 .text.libgcc   0x00000000        0x0 C:/Users/lenovo/AppData/Local/Microsoft/WinGet/Packages/ZakKemble.avr-gcc_Microsoft.Winget.Source_8wekyb3d8bbwe/avr-gcc-16.1.0-x64-windows/bin/../lib/gcc/avr/16.1.0/avr5\libgcc.a(_clear_bss.o)
 .text.libgcc.prologue
                0x00000000        0x0 C:/Users/lenovo/AppData/Local/Microsoft/WinGet/Packages/ZakKemble.avr-gcc_Microsoft.Winget.Source_8wekyb3d8bbwe/avr-gcc-16.1.0-x64-windows/bin/../lib/gcc/avr/16.1.0/avr5\libgcc.a(_clear_bss.o)
 .text.libgcc.builtins
                0x00000000        0x0 C:/Users/lenovo/AppData/Local/Microsoft/WinGet/Packages/ZakKemble.avr-gcc_Microsoft.Winget.Source_8wekyb3d8bbwe/avr-gcc-16.1.0-x64-windows/bin/../lib/gcc/avr/16.1.0/avr5\libgcc.a(_clear_bss.o)
 .text.libgcc.fmul
                0x00000000        0x0 C:/Users/lenovo/AppData/Local/Microsoft/WinGet/Packages/ZakKemble.avr-gcc_Microsoft.Winget.Source_8wekyb3d8bbwe/avr-gcc-16.1.0-x64-windows/bin/../lib/gcc/avr/16.1.0/avr5\libgcc.a(_clear_bss.o)
 .text.libgcc.fixed
                0x00000000        0x0 C:/Users/lenovo/AppData/Local/Microsoft/WinGet/Packages/ZakKemble.avr-gcc_Microsoft.Winget.Source_8wekyb3d8bbwe/avr-gcc-16.1.0-x64-windows/bin/../lib/gcc/avr/16.1.0/avr5\libgcc.a(_clear_bss.o)
 .text          0x00000000        0x0 C:/Users/lenovo/AppData/Local/Microsoft/WinGet/Packages/ZakKemble.avr-gcc_Microsoft.Winget.Source_8wekyb3d8bbwe/avr-gcc-16.1.0-x64-windows/bin/../lib/gcc/avr/16.1.0/avr5\libgcc.a(_muluhisi3.o)
 .data          0x00000000        0x0 C:/Users/lenovo/AppData/Local/Microsoft/WinGet/Packages/ZakKemble.avr-gcc_Microsoft.Winget.Source_8wekyb3d8bbwe/avr-gcc-16.1.0-x64-windows/bin/../lib/gcc/avr/16.1.0/avr5\libgcc.a(_muluhisi3.o)
 .bss           0x00000000        0x0 C:/Users/lenovo/AppData/Local/Microsoft/WinGet/Packages/ZakKemble.avr-gcc_Microsoft.Winget.Source_8wekyb3d8bbwe/avr-gcc-16.1.0-x64-windows/bin/../lib/gcc/avr/16.1.0/avr5\libgcc.a(_muluhisi3.o)
 .text.libgcc.mul
                0x00000000       0x16 C:/Users/lenovo/AppData/Local/Microsoft/WinGet/Packages/ZakKemble.avr-gcc_Microsoft.Winget.Source_8wekyb3d8bbwe/avr-gcc-16.1.0-x64-windows/bin/../lib/gcc/avr/16.1.0/avr5\libgcc.a(_muluhisi3.o)
 .text.libgcc.div
                0x00000000        0x0 C:/Users/lenovo/AppData/Local/Microsoft/WinGet/Packages/ZakKemble.avr-gcc_Microsoft.Winget.Source_8wekyb3d8bbwe/avr-gcc-16.1.0-x64-windows/bin/../lib/gcc/avr/16.1.0/avr5\libgcc.a(_muluhisi3.o)
 .text.libgcc   0x00000000        0x0 C:/Users/lenovo/AppData/Local/Microsoft/WinGet/Packages/ZakKemble.avr-gcc_Microsoft.Winget.Source_8wekyb3d8bbwe/avr-gcc-16.1.0-x64-windows/bin/../lib/gcc/avr/16.1.0/avr5\libgcc.a(_muluhisi3.o)
 .text.libgcc.prologue
                0x00000000        0x0 C:/Users/lenovo/AppData/Local/Microsoft/WinGet/Packages/ZakKemble.avr-gcc_Microsoft.Winget.Source_8wekyb3d8bbwe/avr-gcc-16.1.0-x64-windows/bin/../lib/gcc/avr/16.1.0/avr5\libgcc.a(_muluhisi3.o)
 .text.libgcc.builtins
                0x00000000        0x0 C:/Users/lenovo/AppData/Local/Microsoft/WinGet/Packages/ZakKemble.avr-gcc_Microsoft.Winget.Source_8wekyb3d8bbwe/avr-gcc-16.1.0-x64-windows/bin/../lib/gcc/avr/16.1.0/avr5\libgcc.a(_muluhisi3.o)
 .text.libgcc.fmul
                0x00000000        0x0 C:/Users/lenovo/AppData/Local/Microsoft/WinGet/Packages/ZakKemble.avr-gcc_Microsoft.Winget.Source_8wekyb3d8bbwe/avr-gcc-16.1.0-x64-windows/bin/../lib/gcc/avr/16.1.0/avr5\libgcc.a(_muluhisi3.o)
 .text.libgcc.fixed
                0x00000000        0x0 C:/Users/lenovo/AppData/Local/Microsoft/WinGet/Packages/ZakKemble.avr-gcc_Microsoft.Winget.Source_8wekyb3d8bbwe/avr-gcc-16.1.0-x64-windows/bin/../lib/gcc/avr/16.1.0/avr5\libgcc.a(_muluhisi3.o)
 .debug_line    0x00000000       0x81 C:/Users/lenovo/AppData/Local/Microsoft/WinGet/Packages/ZakKemble.avr-gcc_Microsoft.Winget.Source_8wekyb3d8bbwe/avr-gcc-16.1.0-x64-windows/bin/../lib/gcc/avr/16.1.0/avr5\libgcc.a(_muluhisi3.o)
 .debug_line_str
                0x00000000       0x5c C:/Users/lenovo/AppData/Local/Microsoft/WinGet/Packages/ZakKemble.avr-gcc_Microsoft.Winget.Source_8wekyb3d8bbwe/avr-gcc-16.1.0-x64-windows/bin/../lib/gcc/avr/16.1.0/avr5\libgcc.a(_muluhisi3.o)
 .debug_info    0x00000000       0x24 C:/Users/lenovo/AppData/Local/Microsoft/WinGet/Packages/ZakKemble.avr-gcc_Microsoft.Winget.Source_8wekyb3d8bbwe/avr-gcc-16.1.0-x64-windows/bin/../lib/gcc/avr/16.1.0/avr5\libgcc.a(_muluhisi3.o)
 .debug_abbrev  0x00000000       0x14 C:/Users/lenovo/AppData/Local/Microsoft/WinGet/Packages/ZakKemble.avr-gcc_Microsoft.Winget.Source_8wekyb3d8bbwe/avr-gcc-16.1.0-x64-windows/bin/../lib/gcc/avr/16.1.0/avr5\libgcc.a(_muluhisi3.o)
 .debug_aranges
                0x00000000       0x20 C:/Users/lenovo/AppData/Local/Microsoft/WinGet/Packages/ZakKemble.avr-gcc_Microsoft.Winget.Source_8wekyb3d8bbwe/avr-gcc-16.1.0-x64-windows/bin/../lib/gcc/avr/16.1.0/avr5\libgcc.a(_muluhisi3.o)
 .debug_str     0x00000000       0x6a C:/Users/lenovo/AppData/Local/Microsoft/WinGet/Packages/ZakKemble.avr-gcc_Microsoft.Winget.Source_8wekyb3d8bbwe/avr-gcc-16.1.0-x64-windows/bin/../lib/gcc/avr/16.1.0/avr5\libgcc.a(_muluhisi3.o)
 .text          0x00000000        0x0 C:/Users/lenovo/AppData/Local/Microsoft/WinGet/Packages/ZakKemble.avr-gcc_Microsoft.Winget.Source_8wekyb3d8bbwe/avr-gcc-16.1.0-x64-windows/bin/../lib/gcc/avr/16.1.0/../../../../avr/lib/avr5\libc.a(snprintf.o)
 .data          0x00000000        0x0 C:/Users/lenovo/AppData/Local/Microsoft/WinGet/Packages/ZakKemble.avr-gcc_Microsoft.Winget.Source_8wekyb3d8bbwe/avr-gcc-16.1.0-x64-windows/bin/../lib/gcc/avr/16.1.0/../../../../avr/lib/avr5\libc.a(snprintf.o)
 .bss           0x00000000        0x0 C:/Users/lenovo/AppData/Local/Microsoft/WinGet/Packages/ZakKemble.avr-gcc_Microsoft.Winget.Source_8wekyb3d8bbwe/avr-gcc-16.1.0-x64-windows/bin/../lib/gcc/avr/16.1.0/../../../../avr/lib/avr5\libc.a(snprintf.o)
 .text.avr-libc
                0x00000000       0x64 C:/Users/lenovo/AppData/Local/Microsoft/WinGet/Packages/ZakKemble.avr-gcc_Microsoft.Winget.Source_8wekyb3d8bbwe/avr-gcc-16.1.0-x64-windows/bin/../lib/gcc/avr/16.1.0/../../../../avr/lib/avr5\libc.a(snprintf.o)
 .comment       0x00000000       0x13 C:/Users/lenovo/AppData/Local/Microsoft/WinGet/Packages/ZakKemble.avr-gcc_Microsoft.Winget.Source_8wekyb3d8bbwe/avr-gcc-16.1.0-x64-windows/bin/../lib/gcc/avr/16.1.0/../../../../avr/lib/avr5\libc.a(snprintf.o)
 .text          0x00000000        0x0 C:/Users/lenovo/AppData/Local/Microsoft/WinGet/Packages/ZakKemble.avr-gcc_Microsoft.Winget.Source_8wekyb3d8bbwe/avr-gcc-16.1.0-x64-windows/bin/../lib/gcc/avr/16.1.0/../../../../avr/lib/avr5\libc.a(sprintf.o)
 .data          0x00000000        0x0 C:/Users/lenovo/AppData/Local/Microsoft/WinGet/Packages/ZakKemble.avr-gcc_Microsoft.Winget.Source_8wekyb3d8bbwe/avr-gcc-16.1.0-x64-windows/bin/../lib/gcc/avr/16.1.0/../../../../avr/lib/avr5\libc.a(sprintf.o)
 .bss           0x00000000        0x0 C:/Users/lenovo/AppData/Local/Microsoft/WinGet/Packages/ZakKemble.avr-gcc_Microsoft.Winget.Source_8wekyb3d8bbwe/avr-gcc-16.1.0-x64-windows/bin/../lib/gcc/avr/16.1.0/../../../../avr/lib/avr5\libc.a(sprintf.o)
 .text          0x00000000        0x0 C:/Users/lenovo/AppData/Local/Microsoft/WinGet/Packages/ZakKemble.avr-gcc_Microsoft.Winget.Source_8wekyb3d8bbwe/avr-gcc-16.1.0-x64-windows/bin/../lib/gcc/avr/16.1.0/../../../../avr/lib/avr5\libc.a(vfprintf_std.o)
 .data          0x00000000        0x0 C:/Users/lenovo/AppData/Local/Microsoft/WinGet/Packages/ZakKemble.avr-gcc_Microsoft.Winget.Source_8wekyb3d8bbwe/avr-gcc-16.1.0-x64-windows/bin/../lib/gcc/avr/16.1.0/../../../../avr/lib/avr5\libc.a(vfprintf_std.o)
 .bss           0x00000000        0x0 C:/Users/lenovo/AppData/Local/Microsoft/WinGet/Packages/ZakKemble.avr-gcc_Microsoft.Winget.Source_8wekyb3d8bbwe/avr-gcc-16.1.0-x64-windows/bin/../lib/gcc/avr/16.1.0/../../../../avr/lib/avr5\libc.a(vfprintf_std.o)
 .text          0x00000000        0x0 C:/Users/lenovo/AppData/Local/Microsoft/WinGet/Packages/ZakKemble.avr-gcc_Microsoft.Winget.Source_8wekyb3d8bbwe/avr-gcc-16.1.0-x64-windows/bin/../lib/gcc/avr/16.1.0/../../../../avr/lib/avr5\libc.a(strnlen_P.o)
 .data          0x00000000        0x0 C:/Users/lenovo/AppData/Local/Microsoft/WinGet/Packages/ZakKemble.avr-gcc_Microsoft.Winget.Source_8wekyb3d8bbwe/avr-gcc-16.1.0-x64-windows/bin/../lib/gcc/avr/16.1.0/../../../../avr/lib/avr5\libc.a(strnlen_P.o)
 .bss           0x00000000        0x0 C:/Users/lenovo/AppData/Local/Microsoft/WinGet/Packages/ZakKemble.avr-gcc_Microsoft.Winget.Source_8wekyb3d8bbwe/avr-gcc-16.1.0-x64-windows/bin/../lib/gcc/avr/16.1.0/../../../../avr/lib/avr5\libc.a(strnlen_P.o)
 .text          0x00000000        0x0 C:/Users/lenovo/AppData/Local/Microsoft/WinGet/Packages/ZakKemble.avr-gcc_Microsoft.Winget.Source_8wekyb3d8bbwe/avr-gcc-16.1.0-x64-windows/bin/../lib/gcc/avr/16.1.0/../../../../avr/lib/avr5\libc.a(strnlen.o)
 .data          0x00000000        0x0 C:/Users/lenovo/AppData/Local/Microsoft/WinGet/Packages/ZakKemble.avr-gcc_Microsoft.Winget.Source_8wekyb3d8bbwe/avr-gcc-16.1.0-x64-windows/bin/../lib/gcc/avr/16.1.0/../../../../avr/lib/avr5\libc.a(strnlen.o)
 .bss           0x00000000        0x0 C:/Users/lenovo/AppData/Local/Microsoft/WinGet/Packages/ZakKemble.avr-gcc_Microsoft.Winget.Source_8wekyb3d8bbwe/avr-gcc-16.1.0-x64-windows/bin/../lib/gcc/avr/16.1.0/../../../../avr/lib/avr5\libc.a(strnlen.o)
 .text          0x00000000        0x0 C:/Users/lenovo/AppData/Local/Microsoft/WinGet/Packages/ZakKemble.avr-gcc_Microsoft.Winget.Source_8wekyb3d8bbwe/avr-gcc-16.1.0-x64-windows/bin/../lib/gcc/avr/16.1.0/../../../../avr/lib/avr5\libc.a(fputc.o)
 .data          0x00000000        0x0 C:/Users/lenovo/AppData/Local/Microsoft/WinGet/Packages/ZakKemble.avr-gcc_Microsoft.Winget.Source_8wekyb3d8bbwe/avr-gcc-16.1.0-x64-windows/bin/../lib/gcc/avr/16.1.0/../../../../avr/lib/avr5\libc.a(fputc.o)
 .bss           0x00000000        0x0 C:/Users/lenovo/AppData/Local/Microsoft/WinGet/Packages/ZakKemble.avr-gcc_Microsoft.Winget.Source_8wekyb3d8bbwe/avr-gcc-16.1.0-x64-windows/bin/../lib/gcc/avr/16.1.0/../../../../avr/lib/avr5\libc.a(fputc.o)
 .text          0x00000000        0x0 C:/Users/lenovo/AppData/Local/Microsoft/WinGet/Packages/ZakKemble.avr-gcc_Microsoft.Winget.Source_8wekyb3d8bbwe/avr-gcc-16.1.0-x64-windows/bin/../lib/gcc/avr/16.1.0/../../../../avr/lib/avr5\libc.a(ultoa_invert.o)
 .data          0x00000000        0x0 C:/Users/lenovo/AppData/Local/Microsoft/WinGet/Packages/ZakKemble.avr-gcc_Microsoft.Winget.Source_8wekyb3d8bbwe/avr-gcc-16.1.0-x64-windows/bin/../lib/gcc/avr/16.1.0/../../../../avr/lib/avr5\libc.a(ultoa_invert.o)
 .bss           0x00000000        0x0 C:/Users/lenovo/AppData/Local/Microsoft/WinGet/Packages/ZakKemble.avr-gcc_Microsoft.Winget.Source_8wekyb3d8bbwe/avr-gcc-16.1.0-x64-windows/bin/../lib/gcc/avr/16.1.0/../../../../avr/lib/avr5\libc.a(ultoa_invert.o)
 .text          0x00000000        0x0 C:/Users/lenovo/AppData/Local/Microsoft/WinGet/Packages/ZakKemble.avr-gcc_Microsoft.Winget.Source_8wekyb3d8bbwe/avr-gcc-16.1.0-x64-windows/bin/../lib/gcc/avr/16.1.0/../../../../avr/lib/avr5\libatmega32.a(init_sp.o)
 .data          0x00000000        0x0 C:/Users/lenovo/AppData/Local/Microsoft/WinGet/Packages/ZakKemble.avr-gcc_Microsoft.Winget.Source_8wekyb3d8bbwe/avr-gcc-16.1.0-x64-windows/bin/../lib/gcc/avr/16.1.0/../../../../avr/lib/avr5\libatmega32.a(init_sp.o)
 .bss           0x00000000        0x0 C:/Users/lenovo/AppData/Local/Microsoft/WinGet/Packages/ZakKemble.avr-gcc_Microsoft.Winget.Source_8wekyb3d8bbwe/avr-gcc-16.1.0-x64-windows/bin/../lib/gcc/avr/16.1.0/../../../../avr/lib/avr5\libatmega32.a(init_sp.o)
 .text          0x00000000        0x0 C:/Users/lenovo/AppData/Local/Microsoft/WinGet/Packages/ZakKemble.avr-gcc_Microsoft.Winget.Source_8wekyb3d8bbwe/avr-gcc-16.1.0-x64-windows/bin/../lib/gcc/avr/16.1.0/../../../../avr/lib/avr5\libatmega32.a(call_main.o)
 .data          0x00000000        0x0 C:/Users/lenovo/AppData/Local/Microsoft/WinGet/Packages/ZakKemble.avr-gcc_Microsoft.Winget.Source_8wekyb3d8bbwe/avr-gcc-16.1.0-x64-windows/bin/../lib/gcc/avr/16.1.0/../../../../avr/lib/avr5\libatmega32.a(call_main.o)
 .bss           0x00000000        0x0 C:/Users/lenovo/AppData/Local/Microsoft/WinGet/Packages/ZakKemble.avr-gcc_Microsoft.Winget.Source_8wekyb3d8bbwe/avr-gcc-16.1.0-x64-windows/bin/../lib/gcc/avr/16.1.0/../../../../avr/lib/avr5\libatmega32.a(call_main.o)
 .text          0x00000000        0x0 C:/Users/lenovo/AppData/Local/Microsoft/WinGet/Packages/ZakKemble.avr-gcc_Microsoft.Winget.Source_8wekyb3d8bbwe/avr-gcc-16.1.0-x64-windows/bin/../lib/gcc/avr/16.1.0/avr5\libgcc.a(_exit.o)
 .data          0x00000000        0x0 C:/Users/lenovo/AppData/Local/Microsoft/WinGet/Packages/ZakKemble.avr-gcc_Microsoft.Winget.Source_8wekyb3d8bbwe/avr-gcc-16.1.0-x64-windows/bin/../lib/gcc/avr/16.1.0/avr5\libgcc.a(_exit.o)
 .bss           0x00000000        0x0 C:/Users/lenovo/AppData/Local/Microsoft/WinGet/Packages/ZakKemble.avr-gcc_Microsoft.Winget.Source_8wekyb3d8bbwe/avr-gcc-16.1.0-x64-windows/bin/../lib/gcc/avr/16.1.0/avr5\libgcc.a(_exit.o)
 .text.libgcc.mul
                0x00000000        0x0 C:/Users/lenovo/AppData/Local/Microsoft/WinGet/Packages/ZakKemble.avr-gcc_Microsoft.Winget.Source_8wekyb3d8bbwe/avr-gcc-16.1.0-x64-windows/bin/../lib/gcc/avr/16.1.0/avr5\libgcc.a(_exit.o)
 .text.libgcc.div
                0x00000000        0x0 C:/Users/lenovo/AppData/Local/Microsoft/WinGet/Packages/ZakKemble.avr-gcc_Microsoft.Winget.Source_8wekyb3d8bbwe/avr-gcc-16.1.0-x64-windows/bin/../lib/gcc/avr/16.1.0/avr5\libgcc.a(_exit.o)
 .text.libgcc   0x00000000        0x0 C:/Users/lenovo/AppData/Local/Microsoft/WinGet/Packages/ZakKemble.avr-gcc_Microsoft.Winget.Source_8wekyb3d8bbwe/avr-gcc-16.1.0-x64-windows/bin/../lib/gcc/avr/16.1.0/avr5\libgcc.a(_exit.o)
 .text.libgcc.prologue
                0x00000000        0x0 C:/Users/lenovo/AppData/Local/Microsoft/WinGet/Packages/ZakKemble.avr-gcc_Microsoft.Winget.Source_8wekyb3d8bbwe/avr-gcc-16.1.0-x64-windows/bin/../lib/gcc/avr/16.1.0/avr5\libgcc.a(_exit.o)
 .text.libgcc.builtins
                0x00000000        0x0 C:/Users/lenovo/AppData/Local/Microsoft/WinGet/Packages/ZakKemble.avr-gcc_Microsoft.Winget.Source_8wekyb3d8bbwe/avr-gcc-16.1.0-x64-windows/bin/../lib/gcc/avr/16.1.0/avr5\libgcc.a(_exit.o)
 .text.libgcc.fmul
                0x00000000        0x0 C:/Users/lenovo/AppData/Local/Microsoft/WinGet/Packages/ZakKemble.avr-gcc_Microsoft.Winget.Source_8wekyb3d8bbwe/avr-gcc-16.1.0-x64-windows/bin/../lib/gcc/avr/16.1.0/avr5\libgcc.a(_exit.o)
 .text.libgcc.fixed
                0x00000000        0x0 C:/Users/lenovo/AppData/Local/Microsoft/WinGet/Packages/ZakKemble.avr-gcc_Microsoft.Winget.Source_8wekyb3d8bbwe/avr-gcc-16.1.0-x64-windows/bin/../lib/gcc/avr/16.1.0/avr5\libgcc.a(_exit.o)
 .text          0x00000000        0x0 C:/Users/lenovo/AppData/Local/Microsoft/WinGet/Packages/ZakKemble.avr-gcc_Microsoft.Winget.Source_8wekyb3d8bbwe/avr-gcc-16.1.0-x64-windows/bin/../lib/gcc/avr/16.1.0/avr5\libgcc.a(_prologue.o)
 .data          0x00000000        0x0 C:/Users/lenovo/AppData/Local/Microsoft/WinGet/Packages/ZakKemble.avr-gcc_Microsoft.Winget.Source_8wekyb3d8bbwe/avr-gcc-16.1.0-x64-windows/bin/../lib/gcc/avr/16.1.0/avr5\libgcc.a(_prologue.o)
 .bss           0x00000000        0x0 C:/Users/lenovo/AppData/Local/Microsoft/WinGet/Packages/ZakKemble.avr-gcc_Microsoft.Winget.Source_8wekyb3d8bbwe/avr-gcc-16.1.0-x64-windows/bin/../lib/gcc/avr/16.1.0/avr5\libgcc.a(_prologue.o)
 .text.libgcc.mul
                0x00000000        0x0 C:/Users/lenovo/AppData/Local/Microsoft/WinGet/Packages/ZakKemble.avr-gcc_Microsoft.Winget.Source_8wekyb3d8bbwe/avr-gcc-16.1.0-x64-windows/bin/../lib/gcc/avr/16.1.0/avr5\libgcc.a(_prologue.o)
 .text.libgcc.div
                0x00000000        0x0 C:/Users/lenovo/AppData/Local/Microsoft/WinGet/Packages/ZakKemble.avr-gcc_Microsoft.Winget.Source_8wekyb3d8bbwe/avr-gcc-16.1.0-x64-windows/bin/../lib/gcc/avr/16.1.0/avr5\libgcc.a(_prologue.o)
 .text.libgcc   0x00000000        0x0 C:/Users/lenovo/AppData/Local/Microsoft/WinGet/Packages/ZakKemble.avr-gcc_Microsoft.Winget.Source_8wekyb3d8bbwe/avr-gcc-16.1.0-x64-windows/bin/../lib/gcc/avr/16.1.0/avr5\libgcc.a(_prologue.o)
 .text.libgcc.builtins
                0x00000000        0x0 C:/Users/lenovo/AppData/Local/Microsoft/WinGet/Packages/ZakKemble.avr-gcc_Microsoft.Winget.Source_8wekyb3d8bbwe/avr-gcc-16.1.0-x64-windows/bin/../lib/gcc/avr/16.1.0/avr5\libgcc.a(_prologue.o)
 .text.libgcc.fmul
                0x00000000        0x0 C:/Users/lenovo/AppData/Local/Microsoft/WinGet/Packages/ZakKemble.avr-gcc_Microsoft.Winget.Source_8wekyb3d8bbwe/avr-gcc-16.1.0-x64-windows/bin/../lib/gcc/avr/16.1.0/avr5\libgcc.a(_prologue.o)
 .text.libgcc.fixed
                0x00000000        0x0 C:/Users/lenovo/AppData/Local/Microsoft/WinGet/Packages/ZakKemble.avr-gcc_Microsoft.Winget.Source_8wekyb3d8bbwe/avr-gcc-16.1.0-x64-windows/bin/../lib/gcc/avr/16.1.0/avr5\libgcc.a(_prologue.o)
 .text          0x00000000        0x0 C:/Users/lenovo/AppData/Local/Microsoft/WinGet/Packages/ZakKemble.avr-gcc_Microsoft.Winget.Source_8wekyb3d8bbwe/avr-gcc-16.1.0-x64-windows/bin/../lib/gcc/avr/16.1.0/avr5\libgcc.a(_epilogue.o)
 .data          0x00000000        0x0 C:/Users/lenovo/AppData/Local/Microsoft/WinGet/Packages/ZakKemble.avr-gcc_Microsoft.Winget.Source_8wekyb3d8bbwe/avr-gcc-16.1.0-x64-windows/bin/../lib/gcc/avr/16.1.0/avr5\libgcc.a(_epilogue.o)
 .bss           0x00000000        0x0 C:/Users/lenovo/AppData/Local/Microsoft/WinGet/Packages/ZakKemble.avr-gcc_Microsoft.Winget.Source_8wekyb3d8bbwe/avr-gcc-16.1.0-x64-windows/bin/../lib/gcc/avr/16.1.0/avr5\libgcc.a(_epilogue.o)
 .text.libgcc.mul
                0x00000000        0x0 C:/Users/lenovo/AppData/Local/Microsoft/WinGet/Packages/ZakKemble.avr-gcc_Microsoft.Winget.Source_8wekyb3d8bbwe/avr-gcc-16.1.0-x64-windows/bin/../lib/gcc/avr/16.1.0/avr5\libgcc.a(_epilogue.o)
 .text.libgcc.div
                0x00000000        0x0 C:/Users/lenovo/AppData/Local/Microsoft/WinGet/Packages/ZakKemble.avr-gcc_Microsoft.Winget.Source_8wekyb3d8bbwe/avr-gcc-16.1.0-x64-windows/bin/../lib/gcc/avr/16.1.0/avr5\libgcc.a(_epilogue.o)
 .text.libgcc   0x00000000        0x0 C:/Users/lenovo/AppData/Local/Microsoft/WinGet/Packages/ZakKemble.avr-gcc_Microsoft.Winget.Source_8wekyb3d8bbwe/avr-gcc-16.1.0-x64-windows/bin/../lib/gcc/avr/16.1.0/avr5\libgcc.a(_epilogue.o)
 .text.libgcc.builtins
                0x00000000        0x0 C:/Users/lenovo/AppData/Local/Microsoft/WinGet/Packages/ZakKemble.avr-gcc_Microsoft.Winget.Source_8wekyb3d8bbwe/avr-gcc-16.1.0-x64-windows/bin/../lib/gcc/avr/16.1.0/avr5\libgcc.a(_epilogue.o)
 .text.libgcc.fmul
                0x00000000        0x0 C:/Users/lenovo/AppData/Local/Microsoft/WinGet/Packages/ZakKemble.avr-gcc_Microsoft.Winget.Source_8wekyb3d8bbwe/avr-gcc-16.1.0-x64-windows/bin/../lib/gcc/avr/16.1.0/avr5\libgcc.a(_epilogue.o)
 .text.libgcc.fixed
                0x00000000        0x0 C:/Users/lenovo/AppData/Local/Microsoft/WinGet/Packages/ZakKemble.avr-gcc_Microsoft.Winget.Source_8wekyb3d8bbwe/avr-gcc-16.1.0-x64-windows/bin/../lib/gcc/avr/16.1.0/avr5\libgcc.a(_epilogue.o)

Memory Configuration

Name             Origin             Length             Attributes
text             0x00000000         0x00008000         xr
data             0x00800060         0x00000800         rw!x
eeprom           0x00810000         0x00000400         rw!x
fuse             0x00820000         0x00000002         rw!x
lock             0x00830000         0x00000400         rw!x
signature        0x00840000         0x00000400         rw!x
user_signatures  0x00850000         0x00000400         rw!x
*default*        0x00000000         0xffffffff

Linker script and memory map

LOAD C:/Users/lenovo/AppData/Local/Microsoft/WinGet/Packages/ZakKemble.avr-gcc_Microsoft.Winget.Source_8wekyb3d8bbwe/avr-gcc-16.1.0-x64-windows/bin/../lib/gcc/avr/16.1.0/../../../../avr/lib/avr5/crtatmega32.o
LOAD build/main.o
LOAD build/APP/console.o
LOAD build/APP/cluster/cluster.o
LOAD build/APP/odometer/odometer.o
LOAD build/APP/warnings/warnings.o
LOAD build/HAL/bodysw/bodysw.o
LOAD build/HAL/CHIME/chime.o
LOAD build/HAL/GAUGES/gauges.o
LOAD build/HAL/KeyPad/KeyPad.o
LOAD build/HAL/lamps595/lamps595.o
LOAD build/HAL/lcd_i2c/lcd_i2c.o
LOAD build/HAL/SevenSegment/SevenSegment.o
LOAD build/HAL/SPEEDO/speedo.o
LOAD build/HAL/TACHO/tacho.o
LOAD build/MCAL/ADC/ADC.o
LOAD build/MCAL/GPIO/GPIO.o
LOAD build/MCAL/I2C/I2C.o
LOAD build/MCAL/INTERRUPT/INTERRUPT.o
LOAD build/MCAL/SPI/SPI.o
LOAD build/MCAL/TIMER/TIMER.o
LOAD build/MCAL/UART/UART.o
START GROUP
LOAD C:/Users/lenovo/AppData/Local/Microsoft/WinGet/Packages/ZakKemble.avr-gcc_Microsoft.Winget.Source_8wekyb3d8bbwe/avr-gcc-16.1.0-x64-windows/bin/../lib/gcc/avr/16.1.0/avr5\libgcc.a
LOAD C:/Users/lenovo/AppData/Local/Microsoft/WinGet/Packages/ZakKemble.avr-gcc_Microsoft.Winget.Source_8wekyb3d8bbwe/avr-gcc-16.1.0-x64-windows/bin/../lib/gcc/avr/16.1.0/../../../../avr/lib/avr5\libm.a
LOAD C:/Users/lenovo/AppData/Local/Microsoft/WinGet/Packages/ZakKemble.avr-gcc_Microsoft.Winget.Source_8wekyb3d8bbwe/avr-gcc-16.1.0-x64-windows/bin/../lib/gcc/avr/16.1.0/../../../../avr/lib/avr5\libc.a
LOAD C:/Users/lenovo/AppData/Local/Microsoft/WinGet/Packages/ZakKemble.avr-gcc_Microsoft.Winget.Source_8wekyb3d8bbwe/avr-gcc-16.1.0-x64-windows/bin/../lib/gcc/avr/16.1.0/../../../../avr/lib/avr5\libatmega32.a
END GROUP
                [0x00000000]                      __TEXT_REGION_ORIGIN__ = DEFINED (__TEXT_REGION_ORIGIN__)?__TEXT_REGION_ORIGIN__:0x0
                [0x00008000]                      __TEXT_REGION_LENGTH__ = DEFINED (__TEXT_REGION_LENGTH__)?__TEXT_REGION_LENGTH__:0x20000
                [0x00800060]                      __DATA_REGION_ORIGIN__ = DEFINED (__DATA_REGION_ORIGIN__)?__DATA_REGION_ORIGIN__:0x800060
                [0x00000800]                      __DATA_REGION_LENGTH__ = DEFINED (__DATA_REGION_LENGTH__)?__DATA_REGION_LENGTH__:0xffa0
                [0x00000400]                      __EEPROM_REGION_LENGTH__ = DEFINED (__EEPROM_REGION_LENGTH__)?__EEPROM_REGION_LENGTH__:0x10000
                [0x00000002]                      __FUSE_REGION_LENGTH__ = DEFINED (__FUSE_REGION_LENGTH__)?__FUSE_REGION_LENGTH__:0x400
                0x00000400                        __LOCK_REGION_LENGTH__ = DEFINED (__LOCK_REGION_LENGTH__)?__LOCK_REGION_LENGTH__:0x400
                0x00000400                        __SIGNATURE_REGION_LENGTH__ = DEFINED (__SIGNATURE_REGION_LENGTH__)?__SIGNATURE_REGION_LENGTH__:0x400
                0x00000400                        __USER_SIGNATURE_REGION_LENGTH__ = DEFINED (__USER_SIGNATURE_REGION_LENGTH__)?__USER_SIGNATURE_REGION_LENGTH__:0x400

.hash
 *(.hash)

.dynsym
 *(.dynsym)

.dynstr
 *(.dynstr)

.gnu.version
 *(.gnu.version)

.gnu.version_d
 *(.gnu.version_d)

.gnu.version_r
 *(.gnu.version_r)

.rel.init
 *(.rel.init)

.rela.init
 *(.rela.init)

.rel.text
 *(.rel.text)
 *(.rel.text.*)
 *(.rel.gnu.linkonce.t*)

.rela.text
 *(.rela.text)
 *(.rela.text.*)
 *(.rela.gnu.linkonce.t*)

.rel.fini
 *(.rel.fini)

.rela.fini
 *(.rela.fini)

.rel.rodata
 *(.rel.rodata)
 *(.rel.rodata.*)
 *(.rel.gnu.linkonce.r*)

.rela.rodata
 *(.rela.rodata)
 *(.rela.rodata.*)
 *(.rela.gnu.linkonce.r*)

.rel.data
 *(.rel.data)
 *(.rel.data.*)
 *(.rel.gnu.linkonce.d*)

.rela.data
 *(.rela.data)
 *(.rela.data.*)
 *(.rela.gnu.linkonce.d*)

.rel.ctors
 *(.rel.ctors)

.rela.ctors
 *(.rela.ctors)

.rel.dtors
 *(.rel.dtors)

.rela.dtors
 *(.rela.dtors)

.rel.got
 *(.rel.got)

.rela.got
 *(.rela.got)

.rel.bss
 *(.rel.bss)

.rela.bss
 *(.rela.bss)

.rel.plt
 *(.rel.plt)

.rela.plt
 *(.rela.plt)

.text           0x00000000      0xe4a
 *(.vectors)
 .vectors       0x00000000       0x54 C:/Users/lenovo/AppData/Local/Microsoft/WinGet/Packages/ZakKemble.avr-gcc_Microsoft.Winget.Source_8wekyb3d8bbwe/avr-gcc-16.1.0-x64-windows/bin/../lib/gcc/avr/16.1.0/../../../../avr/lib/avr5/crtatmega32.o
                0x00000000                __vector_default
                0x00000000                __vectors
 *(.vectors)
                0x00000054                        __progmem_start = .
 *(.progmem)
 *(.progmem.*)
                0x00000054                        __progmem_end = .
                0x00000001                        ASSERT (((__progmem_start == __progmem_end) || (__progmem_end <= 0x10000)), .progmem section exceeds 0x10000)
                0x00000054                        . = ALIGN (0x2)
                0x00000054                        __trampolines_start = .
 *(.trampolines)
 .trampolines   0x00000054        0x0 linker stubs
 *(.trampolines*)
                0x00000054                        __trampolines_end = .
                0x00000054                        . = ALIGN (0x2)
 *(.lowtext)
 *(.lowtext*)
                0x00000054                        __ctors_start = .
 *(.ctors)
                0x00000054                        __ctors_end = .
                0x00000054                        __dtors_start = .
 *(.dtors)
                0x00000054                        __dtors_end = .
 SORT_BY_NAME(*)(.ctors)
 SORT_BY_NAME(*)(.dtors)
 *(.init0)
 .init0         0x00000054        0x0 C:/Users/lenovo/AppData/Local/Microsoft/WinGet/Packages/ZakKemble.avr-gcc_Microsoft.Winget.Source_8wekyb3d8bbwe/avr-gcc-16.1.0-x64-windows/bin/../lib/gcc/avr/16.1.0/../../../../avr/lib/avr5/crtatmega32.o
                0x00000054                __init
 *(.init0)
 *(.init1)
 *(.init1)
 *(.init2)
 .init2         0x00000054        0x4 C:/Users/lenovo/AppData/Local/Microsoft/WinGet/Packages/ZakKemble.avr-gcc_Microsoft.Winget.Source_8wekyb3d8bbwe/avr-gcc-16.1.0-x64-windows/bin/../lib/gcc/avr/16.1.0/../../../../avr/lib/avr5/crtatmega32.o
 .init2         0x00000058        0x8 C:/Users/lenovo/AppData/Local/Microsoft/WinGet/Packages/ZakKemble.avr-gcc_Microsoft.Winget.Source_8wekyb3d8bbwe/avr-gcc-16.1.0-x64-windows/bin/../lib/gcc/avr/16.1.0/../../../../avr/lib/avr5\libatmega32.a(init_sp.o)
                0x00000058                __init_sp
 *(.init2)
 *(.init3)
 *(.init3)
 *(.init4)
 .init4         0x00000060       0x16 C:/Users/lenovo/AppData/Local/Microsoft/WinGet/Packages/ZakKemble.avr-gcc_Microsoft.Winget.Source_8wekyb3d8bbwe/avr-gcc-16.1.0-x64-windows/bin/../lib/gcc/avr/16.1.0/avr5\libgcc.a(_copy_data.o)
                0x00000060                __do_copy_data
 .init4         0x00000076       0x10 C:/Users/lenovo/AppData/Local/Microsoft/WinGet/Packages/ZakKemble.avr-gcc_Microsoft.Winget.Source_8wekyb3d8bbwe/avr-gcc-16.1.0-x64-windows/bin/../lib/gcc/avr/16.1.0/avr5\libgcc.a(_clear_bss.o)
                0x00000076                __do_clear_bss
 *(.init4)
 *(.init5)
 *(.init5)
 *(.init6)
 *(.init6)
 *(.init7)
 *(.init7)
 *(.init8)
 *(.init8)
 *(.init9)
 .init9         0x00000086        0x8 C:/Users/lenovo/AppData/Local/Microsoft/WinGet/Packages/ZakKemble.avr-gcc_Microsoft.Winget.Source_8wekyb3d8bbwe/avr-gcc-16.1.0-x64-windows/bin/../lib/gcc/avr/16.1.0/../../../../avr/lib/avr5\libatmega32.a(call_main.o)
                0x00000086                __call_main
 *(.init9)
 *(.text)
 .text          0x0000008e        0x4 C:/Users/lenovo/AppData/Local/Microsoft/WinGet/Packages/ZakKemble.avr-gcc_Microsoft.Winget.Source_8wekyb3d8bbwe/avr-gcc-16.1.0-x64-windows/bin/../lib/gcc/avr/16.1.0/../../../../avr/lib/avr5/crtatmega32.o
                0x0000008e                __vector_12
                0x0000008e                __bad_interrupt
                0x0000008e                __vector_3
                0x0000008e                __vector_11
                0x0000008e                __vector_13
                0x0000008e                __vector_17
                0x0000008e                __vector_19
                0x0000008e                __vector_7
                0x0000008e                __vector_5
                0x0000008e                __vector_4
                0x0000008e                __vector_2
                0x0000008e                __vector_15
                0x0000008e                __vector_8
                0x0000008e                __vector_14
                0x0000008e                __vector_10
                0x0000008e                __vector_16
                0x0000008e                __vector_18
                0x0000008e                __vector_20
                0x00000092                        . = ALIGN (0x2)
 *(.text.*)
 .text.startup.main
                0x00000092      0x1d0 build/main.o
                0x00000092                main
 .text.GAU_Init
                0x00000262        0x8 build/HAL/GAUGES/gauges.o
                0x00000262                GAU_Init
 .text.Local_WriteByteDirect
                0x0000026a       0x46 build/HAL/lcd_i2c/lcd_i2c.o
 .text.Local_SendCommand
                0x000002b0       0x1a build/HAL/lcd_i2c/lcd_i2c.o
 .text.Local_SendData
                0x000002ca       0x14 build/HAL/lcd_i2c/lcd_i2c.o
 .text.LCD_Init
                0x000002de       0x9a build/HAL/lcd_i2c/lcd_i2c.o
                0x000002de                LCD_Init
 .text.LCD_SetCursor
                0x00000378       0x1c build/HAL/lcd_i2c/lcd_i2c.o
                0x00000378                LCD_SetCursor
 .text.LCD_WriteString
                0x00000394       0x36 build/HAL/lcd_i2c/lcd_i2c.o
                0x00000394                LCD_WriteString
 .text.SPD_Init
                0x000003ca       0x12 build/HAL/SPEEDO/speedo.o
                0x000003ca                SPD_Init
 .text.SPD_OnCapture
                0x000003dc       0x68 build/HAL/SPEEDO/speedo.o
                0x000003dc                SPD_OnCapture
 .text.SPD_OnOverflow
                0x00000444       0x2a build/HAL/SPEEDO/speedo.o
                0x00000444                SPD_OnOverflow
 .text.SPD_GetKmh
                0x0000046e       0x3c build/HAL/SPEEDO/speedo.o
                0x0000046e                SPD_GetKmh
 .text.__vector_6
                0x000004aa       0x4c build/HAL/SPEEDO/speedo.o
                0x000004aa                __vector_6
 .text.__vector_9
                0x000004f6       0x48 build/HAL/SPEEDO/speedo.o
                0x000004f6                __vector_9
 .text.TAC_Init
                0x0000053e       0x12 build/HAL/TACHO/tacho.o
                0x0000053e                TAC_Init
 .text.TAC_OnPulse
                0x00000550       0x14 build/HAL/TACHO/tacho.o
                0x00000550                TAC_OnPulse
 .text.TAC_Update250ms
                0x00000564       0x2a build/HAL/TACHO/tacho.o
                0x00000564                TAC_Update250ms
 .text.TAC_GetRpm
                0x0000058e        0xa build/HAL/TACHO/tacho.o
                0x0000058e                TAC_GetRpm
 .text.__vector_1
                0x00000598       0x48 build/HAL/TACHO/tacho.o
                0x00000598                __vector_1
 .text.ADC_Init
                0x000005e0       0x38 build/MCAL/ADC/ADC.o
                0x000005e0                ADC_Init
 .text.GPIO_SetPinDirection
                0x00000618       0xd6 build/MCAL/GPIO/GPIO.o
                0x00000618                GPIO_SetPinDirection
 .text.GPIO_SetPinValue
                0x000006ee       0x82 build/MCAL/GPIO/GPIO.o
                0x000006ee                GPIO_SetPinValue
 .text.I2C_InitMaster
                0x00000770       0x4c build/MCAL/I2C/I2C.o
                0x00000770                I2C_InitMaster
 .text.I2C_SendStart
                0x000007bc       0x1c build/MCAL/I2C/I2C.o
                0x000007bc                I2C_SendStart
 .text.I2C_SendStop
                0x000007d8        0xc build/MCAL/I2C/I2C.o
                0x000007d8                I2C_SendStop
 .text.I2C_SendSlaveAddressWithWrite
                0x000007e4       0x20 build/MCAL/I2C/I2C.o
                0x000007e4                I2C_SendSlaveAddressWithWrite
 .text.I2C_SendByte
                0x00000804       0x1e build/MCAL/I2C/I2C.o
                0x00000804                I2C_SendByte
 .text.TIMER0_DelayMS
                0x00000822       0x2e build/MCAL/TIMER/TIMER.o
                0x00000822                TIMER0_DelayMS
 .text.libgcc.div
                0x00000850       0x44 C:/Users/lenovo/AppData/Local/Microsoft/WinGet/Packages/ZakKemble.avr-gcc_Microsoft.Winget.Source_8wekyb3d8bbwe/avr-gcc-16.1.0-x64-windows/bin/../lib/gcc/avr/16.1.0/avr5\libgcc.a(_udivmodsi4.o)
                0x00000850                __udivmodsi4
 .text.avr-libc
                0x00000894       0x46 C:/Users/lenovo/AppData/Local/Microsoft/WinGet/Packages/ZakKemble.avr-gcc_Microsoft.Winget.Source_8wekyb3d8bbwe/avr-gcc-16.1.0-x64-windows/bin/../lib/gcc/avr/16.1.0/../../../../avr/lib/avr5\libc.a(sprintf.o)
                0x00000894                sprintf
 .text.vfprintf
                0x000008da      0x3b6 C:/Users/lenovo/AppData/Local/Microsoft/WinGet/Packages/ZakKemble.avr-gcc_Microsoft.Winget.Source_8wekyb3d8bbwe/avr-gcc-16.1.0-x64-windows/bin/../lib/gcc/avr/16.1.0/../../../../avr/lib/avr5\libc.a(vfprintf_std.o)
                0x000008da                vfprintf
 .text.avr-libc
                0x00000c90       0x16 C:/Users/lenovo/AppData/Local/Microsoft/WinGet/Packages/ZakKemble.avr-gcc_Microsoft.Winget.Source_8wekyb3d8bbwe/avr-gcc-16.1.0-x64-windows/bin/../lib/gcc/avr/16.1.0/../../../../avr/lib/avr5\libc.a(strnlen_P.o)
                0x00000c90                strnlen_P
 .text.avr-libc
                0x00000ca6       0x16 C:/Users/lenovo/AppData/Local/Microsoft/WinGet/Packages/ZakKemble.avr-gcc_Microsoft.Winget.Source_8wekyb3d8bbwe/avr-gcc-16.1.0-x64-windows/bin/../lib/gcc/avr/16.1.0/../../../../avr/lib/avr5\libc.a(strnlen.o)
                0x00000ca6                strnlen
 .text.avr-libc
                0x00000cbc       0x60 C:/Users/lenovo/AppData/Local/Microsoft/WinGet/Packages/ZakKemble.avr-gcc_Microsoft.Winget.Source_8wekyb3d8bbwe/avr-gcc-16.1.0-x64-windows/bin/../lib/gcc/avr/16.1.0/../../../../avr/lib/avr5\libc.a(fputc.o)
                0x00000cbc                fputc
 .text.avr-libc
                0x00000d1c       0xbc C:/Users/lenovo/AppData/Local/Microsoft/WinGet/Packages/ZakKemble.avr-gcc_Microsoft.Winget.Source_8wekyb3d8bbwe/avr-gcc-16.1.0-x64-windows/bin/../lib/gcc/avr/16.1.0/../../../../avr/lib/avr5\libc.a(ultoa_invert.o)
                0x00000d1c                __ultoa_invert
 .text.libgcc.prologue
                0x00000dd8       0x38 C:/Users/lenovo/AppData/Local/Microsoft/WinGet/Packages/ZakKemble.avr-gcc_Microsoft.Winget.Source_8wekyb3d8bbwe/avr-gcc-16.1.0-x64-windows/bin/../lib/gcc/avr/16.1.0/avr5\libgcc.a(_prologue.o)
                0x00000dd8                __prologue_saves__
 .text.libgcc.prologue
                0x00000e10       0x36 C:/Users/lenovo/AppData/Local/Microsoft/WinGet/Packages/ZakKemble.avr-gcc_Microsoft.Winget.Source_8wekyb3d8bbwe/avr-gcc-16.1.0-x64-windows/bin/../lib/gcc/avr/16.1.0/avr5\libgcc.a(_epilogue.o)
                0x00000e10                __epilogue_restores__
                0x00000e46                        . = ALIGN (0x2)
 *(.fini9)
 .fini9         0x00000e46        0x0 C:/Users/lenovo/AppData/Local/Microsoft/WinGet/Packages/ZakKemble.avr-gcc_Microsoft.Winget.Source_8wekyb3d8bbwe/avr-gcc-16.1.0-x64-windows/bin/../lib/gcc/avr/16.1.0/avr5\libgcc.a(_exit.o)
                0x00000e46                _exit
                0x00000e46                exit
 *(.fini9)
 *(.fini8)
 *(.fini8)
 *(.fini7)
 *(.fini7)
 *(.fini6)
 *(.fini6)
 *(.fini5)
 *(.fini5)
 *(.fini4)
 *(.fini4)
 *(.fini3)
 *(.fini3)
 *(.fini2)
 *(.fini2)
 *(.fini1)
 *(.fini1)
 *(.fini0)
 .fini0         0x00000e46        0x4 C:/Users/lenovo/AppData/Local/Microsoft/WinGet/Packages/ZakKemble.avr-gcc_Microsoft.Winget.Source_8wekyb3d8bbwe/avr-gcc-16.1.0-x64-windows/bin/../lib/gcc/avr/16.1.0/avr5\libgcc.a(_exit.o)
 *(.fini0)
 *(.hightext)
 *(.hightext*)
 *(.progmemx)
 *(.progmemx.*)
                0x00000e4a                        . = ALIGN (0x2)
 *(.jumptables)
 *(.jumptables*)
                0x00000e4a                        _etext = .

.data           0x00800060       0x10 load address 0x00000e4a
                0x00800060                        PROVIDE (__data_start = .)
 *(.data)
 *(.data*)
 *(.gnu.linkonce.d*)
 *(.rodata)
 *(.rodata*)
 .rodata.main.str1.1
                0x00800060       0x10 build/main.o
 *(.gnu.linkonce.r*)
                0x00800070                        . = ALIGN (0x2)
                0x00800070                        _edata = .
                0x00800070                        PROVIDE (__data_end = .)

.bss            0x00800070        0xd
                0x00800070                        PROVIDE (__bss_start = .)
 *(.bss)
 *(.bss*)
 .bss.Local_u8Backlight
                0x00800070        0x1 build/HAL/lcd_i2c/lcd_i2c.o
 .bss.Local_u8CurrentPage
                0x00800071        0x1 build/HAL/lcd_i2c/lcd_i2c.o
 .bss.overflow_count
                0x00800072        0x1 build/HAL/SPEEDO/speedo.o
 .bss.capture_delta
                0x00800073        0x4 build/HAL/SPEEDO/speedo.o
 .bss.last_capture
                0x00800077        0x2 build/HAL/SPEEDO/speedo.o
 .bss.current_rpm
                0x00800079        0x2 build/HAL/TACHO/tacho.o
 .bss.tacho_pulses
                0x0080007b        0x2 build/HAL/TACHO/tacho.o
 *(COMMON)
                0x0080007d                        PROVIDE (__bss_end = .)
                0x00000e4a                        __data_load_start = LOADADDR (.data)
                0x00000e5a                        __data_load_end = (__data_load_start + SIZEOF (.data))

.noinit         0x0080007d        0x0
                [!provide]                        PROVIDE (__noinit_start = .)
 *(.noinit .noinit.* .gnu.linkonce.n.*)
                [!provide]                        PROVIDE (__noinit_end = .)
                0x0080007d                        _end = .
                [!provide]                        PROVIDE (__heap_start = .)
                0x00000000                        __flmap_init_label = DEFINED (__flmap_noinit_start)?__flmap_noinit_start:0x0
                0x00000000                        __flmap = DEFINED (__flmap)?__flmap:0x0

.eeprom         0x00810000        0x0
 *(.eeprom*)
                0x00810000                        __eeprom_end = .

.fuse
 *(.fuse)
 *(.lfuse)
 *(.hfuse)
 *(.efuse)

.lock
 *(.lock*)

.signature
 *(.signature*)

.stab
 *(.stab)

.stabstr
 *(.stabstr)

.stab.excl
 *(.stab.excl)

.stab.exclstr
 *(.stab.exclstr)

.stab.index
 *(.stab.index)

.stab.indexstr
 *(.stab.indexstr)

.comment        0x00000000       0x24
 *(.comment)
 .comment       0x00000000       0x24 build/main.o
                                 0x13 (size before relaxing)
 .comment       0x00000024        0x0 build/HAL/GAUGES/gauges.o
                                 0x13 (size before relaxing)
 .comment       0x00000024        0x0 build/HAL/lcd_i2c/lcd_i2c.o
                                 0x13 (size before relaxing)
 .comment       0x00000024        0x0 build/HAL/SPEEDO/speedo.o
                                 0x13 (size before relaxing)
 .comment       0x00000024        0x0 build/HAL/TACHO/tacho.o
                                 0x13 (size before relaxing)
 .comment       0x00000024        0x0 build/MCAL/ADC/ADC.o
                                 0x13 (size before relaxing)
 .comment       0x00000024        0x0 build/MCAL/GPIO/GPIO.o
                                 0x13 (size before relaxing)
 .comment       0x00000024        0x0 build/MCAL/I2C/I2C.o
                                 0x13 (size before relaxing)
 .comment       0x00000024        0x0 build/MCAL/TIMER/TIMER.o
                                 0x13 (size before relaxing)
 .comment       0x00000024        0x0 C:/Users/lenovo/AppData/Local/Microsoft/WinGet/Packages/ZakKemble.avr-gcc_Microsoft.Winget.Source_8wekyb3d8bbwe/avr-gcc-16.1.0-x64-windows/bin/../lib/gcc/avr/16.1.0/../../../../avr/lib/avr5\libc.a(sprintf.o)
                                 0x13 (size before relaxing)
 .comment       0x00000024        0x0 C:/Users/lenovo/AppData/Local/Microsoft/WinGet/Packages/ZakKemble.avr-gcc_Microsoft.Winget.Source_8wekyb3d8bbwe/avr-gcc-16.1.0-x64-windows/bin/../lib/gcc/avr/16.1.0/../../../../avr/lib/avr5\libc.a(vfprintf_std.o)
                                 0x13 (size before relaxing)
 .comment       0x00000024        0x0 C:/Users/lenovo/AppData/Local/Microsoft/WinGet/Packages/ZakKemble.avr-gcc_Microsoft.Winget.Source_8wekyb3d8bbwe/avr-gcc-16.1.0-x64-windows/bin/../lib/gcc/avr/16.1.0/../../../../avr/lib/avr5\libc.a(fputc.o)
                                 0x13 (size before relaxing)

.note.gnu.avr.deviceinfo
                0x00000000       0x3c
 .note.gnu.avr.deviceinfo
                0x00000000       0x3c C:/Users/lenovo/AppData/Local/Microsoft/WinGet/Packages/ZakKemble.avr-gcc_Microsoft.Winget.Source_8wekyb3d8bbwe/avr-gcc-16.1.0-x64-windows/bin/../lib/gcc/avr/16.1.0/../../../../avr/lib/avr5/crtatmega32.o

.gnu.build.attributes
 *(.gnu.build.attributes .gnu.build.attributes.*)

.note.gnu.build-id
 *(.note.gnu.build-id)

.debug
 *(.debug)

.line
 *(.line)

.debug_srcinfo
 *(.debug_srcinfo)

.debug_sfnames
 *(.debug_sfnames)

.debug_aranges  0x00000000       0xc0
 *(.debug_aranges)
 .debug_aranges
                0x00000000       0x20 C:/Users/lenovo/AppData/Local/Microsoft/WinGet/Packages/ZakKemble.avr-gcc_Microsoft.Winget.Source_8wekyb3d8bbwe/avr-gcc-16.1.0-x64-windows/bin/../lib/gcc/avr/16.1.0/avr5\libgcc.a(_udivmodsi4.o)
 .debug_aranges
                0x00000020       0x20 C:/Users/lenovo/AppData/Local/Microsoft/WinGet/Packages/ZakKemble.avr-gcc_Microsoft.Winget.Source_8wekyb3d8bbwe/avr-gcc-16.1.0-x64-windows/bin/../lib/gcc/avr/16.1.0/avr5\libgcc.a(_copy_data.o)
 .debug_aranges
                0x00000040       0x20 C:/Users/lenovo/AppData/Local/Microsoft/WinGet/Packages/ZakKemble.avr-gcc_Microsoft.Winget.Source_8wekyb3d8bbwe/avr-gcc-16.1.0-x64-windows/bin/../lib/gcc/avr/16.1.0/avr5\libgcc.a(_clear_bss.o)
 .debug_aranges
                0x00000060       0x20 C:/Users/lenovo/AppData/Local/Microsoft/WinGet/Packages/ZakKemble.avr-gcc_Microsoft.Winget.Source_8wekyb3d8bbwe/avr-gcc-16.1.0-x64-windows/bin/../lib/gcc/avr/16.1.0/avr5\libgcc.a(_exit.o)
 .debug_aranges
                0x00000080       0x20 C:/Users/lenovo/AppData/Local/Microsoft/WinGet/Packages/ZakKemble.avr-gcc_Microsoft.Winget.Source_8wekyb3d8bbwe/avr-gcc-16.1.0-x64-windows/bin/../lib/gcc/avr/16.1.0/avr5\libgcc.a(_prologue.o)
 .debug_aranges
                0x000000a0       0x20 C:/Users/lenovo/AppData/Local/Microsoft/WinGet/Packages/ZakKemble.avr-gcc_Microsoft.Winget.Source_8wekyb3d8bbwe/avr-gcc-16.1.0-x64-windows/bin/../lib/gcc/avr/16.1.0/avr5\libgcc.a(_epilogue.o)

.debug_pubnames
 *(.debug_pubnames)

.debug_info     0x00000000      0x5be
 *(.debug_info .gnu.linkonce.wi.*)
 .debug_info    0x00000000      0x4e6 C:/Users/lenovo/AppData/Local/Microsoft/WinGet/Packages/ZakKemble.avr-gcc_Microsoft.Winget.Source_8wekyb3d8bbwe/avr-gcc-16.1.0-x64-windows/bin/../lib/gcc/avr/16.1.0/../../../../avr/lib/avr5/crtatmega32.o
 .debug_info    0x000004e6       0x24 C:/Users/lenovo/AppData/Local/Microsoft/WinGet/Packages/ZakKemble.avr-gcc_Microsoft.Winget.Source_8wekyb3d8bbwe/avr-gcc-16.1.0-x64-windows/bin/../lib/gcc/avr/16.1.0/avr5\libgcc.a(_udivmodsi4.o)
 .debug_info    0x0000050a       0x24 C:/Users/lenovo/AppData/Local/Microsoft/WinGet/Packages/ZakKemble.avr-gcc_Microsoft.Winget.Source_8wekyb3d8bbwe/avr-gcc-16.1.0-x64-windows/bin/../lib/gcc/avr/16.1.0/avr5\libgcc.a(_copy_data.o)
 .debug_info    0x0000052e       0x24 C:/Users/lenovo/AppData/Local/Microsoft/WinGet/Packages/ZakKemble.avr-gcc_Microsoft.Winget.Source_8wekyb3d8bbwe/avr-gcc-16.1.0-x64-windows/bin/../lib/gcc/avr/16.1.0/avr5\libgcc.a(_clear_bss.o)
 .debug_info    0x00000552       0x24 C:/Users/lenovo/AppData/Local/Microsoft/WinGet/Packages/ZakKemble.avr-gcc_Microsoft.Winget.Source_8wekyb3d8bbwe/avr-gcc-16.1.0-x64-windows/bin/../lib/gcc/avr/16.1.0/avr5\libgcc.a(_exit.o)
 .debug_info    0x00000576       0x24 C:/Users/lenovo/AppData/Local/Microsoft/WinGet/Packages/ZakKemble.avr-gcc_Microsoft.Winget.Source_8wekyb3d8bbwe/avr-gcc-16.1.0-x64-windows/bin/../lib/gcc/avr/16.1.0/avr5\libgcc.a(_prologue.o)
 .debug_info    0x0000059a       0x24 C:/Users/lenovo/AppData/Local/Microsoft/WinGet/Packages/ZakKemble.avr-gcc_Microsoft.Winget.Source_8wekyb3d8bbwe/avr-gcc-16.1.0-x64-windows/bin/../lib/gcc/avr/16.1.0/avr5\libgcc.a(_epilogue.o)

.debug_abbrev   0x00000000      0x51b
 *(.debug_abbrev)
 .debug_abbrev  0x00000000      0x4a3 C:/Users/lenovo/AppData/Local/Microsoft/WinGet/Packages/ZakKemble.avr-gcc_Microsoft.Winget.Source_8wekyb3d8bbwe/avr-gcc-16.1.0-x64-windows/bin/../lib/gcc/avr/16.1.0/../../../../avr/lib/avr5/crtatmega32.o
 .debug_abbrev  0x000004a3       0x14 C:/Users/lenovo/AppData/Local/Microsoft/WinGet/Packages/ZakKemble.avr-gcc_Microsoft.Winget.Source_8wekyb3d8bbwe/avr-gcc-16.1.0-x64-windows/bin/../lib/gcc/avr/16.1.0/avr5\libgcc.a(_udivmodsi4.o)
 .debug_abbrev  0x000004b7       0x14 C:/Users/lenovo/AppData/Local/Microsoft/WinGet/Packages/ZakKemble.avr-gcc_Microsoft.Winget.Source_8wekyb3d8bbwe/avr-gcc-16.1.0-x64-windows/bin/../lib/gcc/avr/16.1.0/avr5\libgcc.a(_copy_data.o)
 .debug_abbrev  0x000004cb       0x14 C:/Users/lenovo/AppData/Local/Microsoft/WinGet/Packages/ZakKemble.avr-gcc_Microsoft.Winget.Source_8wekyb3d8bbwe/avr-gcc-16.1.0-x64-windows/bin/../lib/gcc/avr/16.1.0/avr5\libgcc.a(_clear_bss.o)
 .debug_abbrev  0x000004df       0x14 C:/Users/lenovo/AppData/Local/Microsoft/WinGet/Packages/ZakKemble.avr-gcc_Microsoft.Winget.Source_8wekyb3d8bbwe/avr-gcc-16.1.0-x64-windows/bin/../lib/gcc/avr/16.1.0/avr5\libgcc.a(_exit.o)
 .debug_abbrev  0x000004f3       0x14 C:/Users/lenovo/AppData/Local/Microsoft/WinGet/Packages/ZakKemble.avr-gcc_Microsoft.Winget.Source_8wekyb3d8bbwe/avr-gcc-16.1.0-x64-windows/bin/../lib/gcc/avr/16.1.0/avr5\libgcc.a(_prologue.o)
 .debug_abbrev  0x00000507       0x14 C:/Users/lenovo/AppData/Local/Microsoft/WinGet/Packages/ZakKemble.avr-gcc_Microsoft.Winget.Source_8wekyb3d8bbwe/avr-gcc-16.1.0-x64-windows/bin/../lib/gcc/avr/16.1.0/avr5\libgcc.a(_epilogue.o)

.debug_line     0x00000000      0x44f
 *(.debug_line .debug_line.* .debug_line_end)
 .debug_line    0x00000000       0x1d C:/Users/lenovo/AppData/Local/Microsoft/WinGet/Packages/ZakKemble.avr-gcc_Microsoft.Winget.Source_8wekyb3d8bbwe/avr-gcc-16.1.0-x64-windows/bin/../lib/gcc/avr/16.1.0/../../../../avr/lib/avr5/crtatmega32.o
 .debug_line    0x0000001d      0x111 C:/Users/lenovo/AppData/Local/Microsoft/WinGet/Packages/ZakKemble.avr-gcc_Microsoft.Winget.Source_8wekyb3d8bbwe/avr-gcc-16.1.0-x64-windows/bin/../lib/gcc/avr/16.1.0/avr5\libgcc.a(_udivmodsi4.o)
 .debug_line    0x0000012e       0x87 C:/Users/lenovo/AppData/Local/Microsoft/WinGet/Packages/ZakKemble.avr-gcc_Microsoft.Winget.Source_8wekyb3d8bbwe/avr-gcc-16.1.0-x64-windows/bin/../lib/gcc/avr/16.1.0/avr5\libgcc.a(_copy_data.o)
 .debug_line    0x000001b5       0x75 C:/Users/lenovo/AppData/Local/Microsoft/WinGet/Packages/ZakKemble.avr-gcc_Microsoft.Winget.Source_8wekyb3d8bbwe/avr-gcc-16.1.0-x64-windows/bin/../lib/gcc/avr/16.1.0/avr5\libgcc.a(_clear_bss.o)
 .debug_line    0x0000022a       0x51 C:/Users/lenovo/AppData/Local/Microsoft/WinGet/Packages/ZakKemble.avr-gcc_Microsoft.Winget.Source_8wekyb3d8bbwe/avr-gcc-16.1.0-x64-windows/bin/../lib/gcc/avr/16.1.0/avr5\libgcc.a(_exit.o)
 .debug_line    0x0000027b       0xed C:/Users/lenovo/AppData/Local/Microsoft/WinGet/Packages/ZakKemble.avr-gcc_Microsoft.Winget.Source_8wekyb3d8bbwe/avr-gcc-16.1.0-x64-windows/bin/../lib/gcc/avr/16.1.0/avr5\libgcc.a(_prologue.o)
 .debug_line    0x00000368       0xe7 C:/Users/lenovo/AppData/Local/Microsoft/WinGet/Packages/ZakKemble.avr-gcc_Microsoft.Winget.Source_8wekyb3d8bbwe/avr-gcc-16.1.0-x64-windows/bin/../lib/gcc/avr/16.1.0/avr5\libgcc.a(_epilogue.o)

.debug_frame
 *(.debug_frame)

.debug_str      0x00000000      0x200
 *(.debug_str)
 .debug_str     0x00000000      0x196 C:/Users/lenovo/AppData/Local/Microsoft/WinGet/Packages/ZakKemble.avr-gcc_Microsoft.Winget.Source_8wekyb3d8bbwe/avr-gcc-16.1.0-x64-windows/bin/../lib/gcc/avr/16.1.0/../../../../avr/lib/avr5/crtatmega32.o
 .debug_str     0x00000196       0x6a C:/Users/lenovo/AppData/Local/Microsoft/WinGet/Packages/ZakKemble.avr-gcc_Microsoft.Winget.Source_8wekyb3d8bbwe/avr-gcc-16.1.0-x64-windows/bin/../lib/gcc/avr/16.1.0/avr5\libgcc.a(_udivmodsi4.o)
 .debug_str     0x00000200        0x0 C:/Users/lenovo/AppData/Local/Microsoft/WinGet/Packages/ZakKemble.avr-gcc_Microsoft.Winget.Source_8wekyb3d8bbwe/avr-gcc-16.1.0-x64-windows/bin/../lib/gcc/avr/16.1.0/avr5\libgcc.a(_copy_data.o)
                                 0x6a (size before relaxing)
 .debug_str     0x00000200        0x0 C:/Users/lenovo/AppData/Local/Microsoft/WinGet/Packages/ZakKemble.avr-gcc_Microsoft.Winget.Source_8wekyb3d8bbwe/avr-gcc-16.1.0-x64-windows/bin/../lib/gcc/avr/16.1.0/avr5\libgcc.a(_clear_bss.o)
                                 0x6a (size before relaxing)
 .debug_str     0x00000200        0x0 C:/Users/lenovo/AppData/Local/Microsoft/WinGet/Packages/ZakKemble.avr-gcc_Microsoft.Winget.Source_8wekyb3d8bbwe/avr-gcc-16.1.0-x64-windows/bin/../lib/gcc/avr/16.1.0/avr5\libgcc.a(_exit.o)
                                 0x6a (size before relaxing)
 .debug_str     0x00000200        0x0 C:/Users/lenovo/AppData/Local/Microsoft/WinGet/Packages/ZakKemble.avr-gcc_Microsoft.Winget.Source_8wekyb3d8bbwe/avr-gcc-16.1.0-x64-windows/bin/../lib/gcc/avr/16.1.0/avr5\libgcc.a(_prologue.o)
                                 0x6a (size before relaxing)
 .debug_str     0x00000200        0x0 C:/Users/lenovo/AppData/Local/Microsoft/WinGet/Packages/ZakKemble.avr-gcc_Microsoft.Winget.Source_8wekyb3d8bbwe/avr-gcc-16.1.0-x64-windows/bin/../lib/gcc/avr/16.1.0/avr5\libgcc.a(_epilogue.o)
                                 0x6a (size before relaxing)

.debug_loc
 *(.debug_loc)

.debug_macinfo
 *(.debug_macinfo)

.debug_weaknames
 *(.debug_weaknames)

.debug_funcnames
 *(.debug_funcnames)

.debug_typenames
 *(.debug_typenames)

.debug_varnames
 *(.debug_varnames)

.debug_pubtypes
 *(.debug_pubtypes)

.debug_ranges
 *(.debug_ranges)

.debug_addr
 *(.debug_addr)

.debug_line_str
                0x00000000       0x5c
 *(.debug_line_str)
 .debug_line_str
                0x00000000       0x5c C:/Users/lenovo/AppData/Local/Microsoft/WinGet/Packages/ZakKemble.avr-gcc_Microsoft.Winget.Source_8wekyb3d8bbwe/avr-gcc-16.1.0-x64-windows/bin/../lib/gcc/avr/16.1.0/avr5\libgcc.a(_udivmodsi4.o)
 .debug_line_str
                0x0000005c        0x0 C:/Users/lenovo/AppData/Local/Microsoft/WinGet/Packages/ZakKemble.avr-gcc_Microsoft.Winget.Source_8wekyb3d8bbwe/avr-gcc-16.1.0-x64-windows/bin/../lib/gcc/avr/16.1.0/avr5\libgcc.a(_copy_data.o)
                                 0x5c (size before relaxing)
 .debug_line_str
                0x0000005c        0x0 C:/Users/lenovo/AppData/Local/Microsoft/WinGet/Packages/ZakKemble.avr-gcc_Microsoft.Winget.Source_8wekyb3d8bbwe/avr-gcc-16.1.0-x64-windows/bin/../lib/gcc/avr/16.1.0/avr5\libgcc.a(_clear_bss.o)
                                 0x5c (size before relaxing)
 .debug_line_str
                0x0000005c        0x0 C:/Users/lenovo/AppData/Local/Microsoft/WinGet/Packages/ZakKemble.avr-gcc_Microsoft.Winget.Source_8wekyb3d8bbwe/avr-gcc-16.1.0-x64-windows/bin/../lib/gcc/avr/16.1.0/avr5\libgcc.a(_exit.o)
                                 0x5c (size before relaxing)
 .debug_line_str
                0x0000005c        0x0 C:/Users/lenovo/AppData/Local/Microsoft/WinGet/Packages/ZakKemble.avr-gcc_Microsoft.Winget.Source_8wekyb3d8bbwe/avr-gcc-16.1.0-x64-windows/bin/../lib/gcc/avr/16.1.0/avr5\libgcc.a(_prologue.o)
                                 0x5c (size before relaxing)
 .debug_line_str
                0x0000005c        0x0 C:/Users/lenovo/AppData/Local/Microsoft/WinGet/Packages/ZakKemble.avr-gcc_Microsoft.Winget.Source_8wekyb3d8bbwe/avr-gcc-16.1.0-x64-windows/bin/../lib/gcc/avr/16.1.0/avr5\libgcc.a(_epilogue.o)
                                 0x5c (size before relaxing)

.debug_loclists
 *(.debug_loclists)

.debug_macro
 *(.debug_macro)

.debug_names
 *(.debug_names)

.debug_rnglists
 *(.debug_rnglists)

.debug_str_offsets
 *(.debug_str_offsets)

.debug_sup
 *(.debug_sup)
OUTPUT(build/program.elf elf32-avr)
LOAD linker stubs
